Component: Arm Compiler for Embedded 6.23 Tool: armlink [5f102400]

==============================================================================

Section Cross References

    startup_stm32f446xx.o(STACK) refers (Special) to heapauxi.o(.text) for __use_two_region_memory
    startup_stm32f446xx.o(HEAP) refers (Special) to heapauxi.o(.text) for __use_two_region_memory
    startup_stm32f446xx.o(RESET) refers (Special) to heapauxi.o(.text) for __use_two_region_memory
    startup_stm32f446xx.o(RESET) refers to startup_stm32f446xx.o(STACK) for __initial_sp
    startup_stm32f446xx.o(RESET) refers to startup_stm32f446xx.o(.text) for Reset_Handler
    startup_stm32f446xx.o(RESET) refers to stm32f4xx_it.o(.text.NMI_Handler) for NMI_Handler
    startup_stm32f446xx.o(RESET) refers to stm32f4xx_it.o(.text.HardFault_Handler) for HardFault_Handler
    startup_stm32f446xx.o(RESET) refers to stm32f4xx_it.o(.text.MemManage_Handler) for MemManage_Handler
    startup_stm32f446xx.o(RESET) refers to stm32f4xx_it.o(.text.BusFault_Handler) for BusFault_Handler
    startup_stm32f446xx.o(RESET) refers to stm32f4xx_it.o(.text.UsageFault_Handler) for UsageFault_Handler
    startup_stm32f446xx.o(RESET) refers to stm32f4xx_it.o(.text.SVC_Handler) for SVC_Handler
    startup_stm32f446xx.o(RESET) refers to stm32f4xx_it.o(.text.DebugMon_Handler) for DebugMon_Handler
    startup_stm32f446xx.o(RESET) refers to stm32f4xx_it.o(.text.PendSV_Handler) for PendSV_Handler
    startup_stm32f446xx.o(RESET) refers to stm32f4xx_it.o(.text.SysTick_Handler) for SysTick_Handler
    startup_stm32f446xx.o(RESET) refers to stm32f4xx_it.o(.text.USART3_IRQHandler) for USART3_IRQHandler
    startup_stm32f446xx.o(RESET) refers to stm32f4xx_it.o(.text.DMA2_Stream1_IRQHandler) for DMA2_Stream1_IRQHandler
    startup_stm32f446xx.o(RESET) refers to stm32f4xx_it.o(.text.USART6_IRQHandler) for USART6_IRQHandler
    startup_stm32f446xx.o(.text) refers (Special) to heapauxi.o(.text) for __use_two_region_memory
    startup_stm32f446xx.o(.text) refers to system_stm32f4xx.o(.text.SystemInit) for SystemInit
    startup_stm32f446xx.o(.text) refers to __main.o(!!!main) for __main
    startup_stm32f446xx.o(.text) refers to startup_stm32f446xx.o(HEAP) for Heap_Mem
    startup_stm32f446xx.o(.text) refers to startup_stm32f446xx.o(STACK) for Stack_Mem
    motor.o(.text.Motor_PID_Init) refers to motor.o(.bss..L_MergedGlobals) for [Anonymous Symbol]
    motor.o(.ARM.exidx.text.Motor_PID_Init) refers to motor.o(.text.Motor_PID_Init) for [Anonymous Symbol]
    motor.o(.text.Motor_UpdateActualSpeed) refers to motor.o(.bss..L_MergedGlobals) for [Anonymous Symbol]
    motor.o(.ARM.exidx.text.Motor_UpdateActualSpeed) refers to motor.o(.text.Motor_UpdateActualSpeed) for [Anonymous Symbol]
    motor.o(.text.Motor_Init) refers to motor.o(.text.Motor_PID_Init) for Motor_PID_Init
    motor.o(.text.Motor_Init) refers to motor.o(.text.Motor_Stop) for Motor_Stop
    motor.o(.text.Motor_Init) refers to tim.o(.bss.htim3) for htim3
    motor.o(.text.Motor_Init) refers to stm32f4xx_hal_tim.o(.text.HAL_TIM_PWM_Start) for HAL_TIM_PWM_Start
    motor.o(.ARM.exidx.text.Motor_Init) refers to motor.o(.text.Motor_Init) for [Anonymous Symbol]
    motor.o(.text.Motor_Stop) refers to tim.o(.bss.htim3) for htim3
    motor.o(.text.Motor_Stop) refers to motor.o(.bss..L_MergedGlobals) for [Anonymous Symbol]
    motor.o(.ARM.exidx.text.Motor_Stop) refers to motor.o(.text.Motor_Stop) for [Anonymous Symbol]
    motor.o(.text.Motor_PID_Reset) refers to motor.o(.bss..L_MergedGlobals) for [Anonymous Symbol]
    motor.o(.ARM.exidx.text.Motor_PID_Reset) refers to motor.o(.text.Motor_PID_Reset) for [Anonymous Symbol]
    motor.o(.text.Motor_Forward) refers to motor.o(.text.OUTLINED_FUNCTION_0) for OUTLINED_FUNCTION_0
    motor.o(.text.Motor_Forward) refers to pid.o(.text.PID_Update) for PID_Update
    motor.o(.text.Motor_Forward) refers to motor.o(.bss..L_MergedGlobals) for [Anonymous Symbol]
    motor.o(.text.Motor_Forward) refers to tim.o(.bss.htim3) for htim3
    motor.o(.ARM.exidx.text.Motor_Forward) refers to motor.o(.text.Motor_Forward) for [Anonymous Symbol]
    motor.o(.text.Motor_Backward) refers to motor.o(.text.OUTLINED_FUNCTION_0) for OUTLINED_FUNCTION_0
    motor.o(.text.Motor_Backward) refers to pid.o(.text.PID_Update) for PID_Update
    motor.o(.text.Motor_Backward) refers to motor.o(.bss..L_MergedGlobals) for [Anonymous Symbol]
    motor.o(.text.Motor_Backward) refers to tim.o(.bss.htim3) for htim3
    motor.o(.ARM.exidx.text.Motor_Backward) refers to motor.o(.text.Motor_Backward) for [Anonymous Symbol]
    motor.o(.text.Motor_TurnLeft) refers to tim.o(.bss.htim3) for htim3
    motor.o(.ARM.exidx.text.Motor_TurnLeft) refers to motor.o(.text.Motor_TurnLeft) for [Anonymous Symbol]
    motor.o(.text.Motor_TurnRight) refers to motor.o(.data.motor_is_stop) for motor_is_stop
    motor.o(.text.Motor_TurnRight) refers to tim.o(.bss.htim3) for htim3
[...]
    DMA2_Stream7_IRQHandler                  0x080002d7   Thumb Code     0  startup_stm32f446xx.o(.text)
    EXTI0_IRQHandler                         0x080002d7   Thumb Code     0  startup_stm32f446xx.o(.text)
    EXTI15_10_IRQHandler                     0x080002d7   Thumb Code     0  startup_stm32f446xx.o(.text)
    EXTI1_IRQHandler                         0x080002d7   Thumb Code     0  startup_stm32f446xx.o(.text)
    EXTI2_IRQHandler                         0x080002d7   Thumb Code     0  startup_stm32f446xx.o(.text)
    EXTI3_IRQHandler                         0x080002d7   Thumb Code     0  startup_stm32f446xx.o(.text)
    EXTI4_IRQHandler                         0x080002d7   Thumb Code     0  startup_stm32f446xx.o(.text)
    EXTI9_5_IRQHandler                       0x080002d7   Thumb Code     0  startup_stm32f446xx.o(.text)
    FLASH_IRQHandler                         0x080002d7   Thumb Code     0  startup_stm32f446xx.o(.text)
    FMC_IRQHandler                           0x080002d7   Thumb Code     0  startup_stm32f446xx.o(.text)
    FMPI2C1_ER_IRQHandler                    0x080002d7   Thumb Code     0  startup_stm32f446xx.o(.text)
    FMPI2C1_EV_IRQHandler                    0x080002d7   Thumb Code     0  startup_stm32f446xx.o(.text)
    FPU_IRQHandler                           0x080002d7   Thumb Code     0  startup_stm32f446xx.o(.text)
    I2C1_ER_IRQHandler                       0x080002d7   Thumb Code     0  startup_stm32f446xx.o(.text)
    I2C1_EV_IRQHandler                       0x080002d7   Thumb Code     0  startup_stm32f446xx.o(.text)
    I2C2_ER_IRQHandler                       0x080002d7   Thumb Code     0  startup_stm32f446xx.o(.text)
    I2C2_EV_IRQHandler                       0x080002d7   Thumb Code     0  startup_stm32f446xx.o(.text)
    I2C3_ER_IRQHandler                       0x080002d7   Thumb Code     0  startup_stm32f446xx.o(.text)
    I2C3_EV_IRQHandler                       0x080002d7   Thumb Code     0  startup_stm32f446xx.o(.text)
    OTG_FS_IRQHandler                        0x080002d7   Thumb Code     0  startup_stm32f446xx.o(.text)
    OTG_FS_WKUP_IRQHandler                   0x080002d7   Thumb Code     0  startup_stm32f446xx.o(.text)
    OTG_HS_EP1_IN_IRQHandler                 0x080002d7   Thumb Code     0  startup_stm32f446xx.o(.text)
    OTG_HS_EP1_OUT_IRQHandler                0x080002d7   Thumb Code     0  startup_stm32f446xx.o(.text)
    OTG_HS_IRQHandler                        0x080002d7   Thumb Code     0  startup_stm32f446xx.o(.text)
    OTG_HS_WKUP_IRQHandler                   0x080002d7   Thumb Code     0  startup_stm32f446xx.o(.text)
    PVD_IRQHandler                           0x080002d7   Thumb Code     0  startup_stm32f446xx.o(.text)
    QUADSPI_IRQHandler                       0x080002d7   Thumb Code     0  startup_stm32f446xx.o(.text)
    RCC_IRQHandler                           0x080002d7   Thumb Code     0  startup_stm32f446xx.o(.text)
    RTC_Alarm_IRQHandler                     0x080002d7   Thumb Code     0  startup_stm32f446xx.o(.text)
    RTC_WKUP_IRQHandler                      0x080002d7   Thumb Code     0  startup_stm32f446xx.o(.text)
    SAI1_IRQHandler                          0x080002d7   Thumb Code     0  startup_stm32f446xx.o(.text)
    SAI2_IRQHandler                          0x080002d7   Thumb Code     0  startup_stm32f446xx.o(.text)
    SDIO_IRQHandler                          0x080002d7   Thumb Code     0  startup_stm32f446xx.o(.text)
    SPDIF_RX_IRQHandler                      0x080002d7   Thumb Code     0  startup_stm32f446xx.o(.text)
    SPI1_IRQHandler                          0x080002d7   Thumb Code     0  startup_stm32f446xx.o(.text)
    SPI2_IRQHandler                          0x080002d7   Thumb Code     0  startup_stm32f446xx.o(.text)
    SPI3_IRQHandler                          0x080002d7   Thumb Code     0  startup_stm32f446xx.o(.text)
    SPI4_IRQHandler                          0x080002d7   Thumb Code     0  startup_stm32f446xx.o(.text)
    TAMP_STAMP_IRQHandler                    0x080002d7   Thumb Code     0  startup_stm32f446xx.o(.text)
    TIM1_BRK_TIM9_IRQHandler                 0x080002d7   Thumb Code     0  startup_stm32f446xx.o(.text)
    TIM1_CC_IRQHandler                       0x080002d7   Thumb Code     0  startup_stm32f446xx.o(.text)
    TIM1_TRG_COM_TIM11_IRQHandler            0x080002d7   Thumb Code     0  startup_stm32f446xx.o(.text)
    TIM1_UP_TIM10_IRQHandler                 0x080002d7   Thumb Code     0  startup_stm32f446xx.o(.text)
    TIM2_IRQHandler                          0x080002d7   Thumb Code     0  startup_stm32f446xx.o(.text)
    TIM3_IRQHandler                          0x080002d7   Thumb Code     0  startup_stm32f446xx.o(.text)
    TIM4_IRQHandler                          0x080002d7   Thumb Code     0  startup_stm32f446xx.o(.text)
    TIM5_IRQHandler                          0x080002d7   Thumb Code     0  startup_stm32f446xx.o(.text)
    TIM6_DAC_IRQHandler                      0x080002d7   Thumb Code     0  startup_stm32f446xx.o(.text)
    TIM7_IRQHandler                          0x080002d7   Thumb Code     0  startup_stm32f446xx.o(.text)
    TIM8_BRK_TIM12_IRQHandler                0x080002d7   Thumb Code     0  startup_stm32f446xx.o(.text)
    TIM8_CC_IRQHandler                       0x080002d7   Thumb Code     0  startup_stm32f446xx.o(.text)
    TIM8_TRG_COM_TIM14_IRQHandler            0x080002d7   Thumb Code     0  startup_stm32f446xx.o(.text)
    TIM8_UP_TIM13_IRQHandler                 0x080002d7   Thumb Code     0  startup_stm32f446xx.o(.text)
    UART4_IRQHandler                         0x080002d7   Thumb Code     0  startup_stm32f446xx.o(.text)
    UART5_IRQHandler                         0x080002d7   Thumb Code     0  startup_stm32f446xx.o(.text)
    USART1_IRQHandler                        0x080002d7   Thumb Code     0  startup_stm32f446xx.o(.text)
    USART2_IRQHandler                        0x080002d7   Thumb Code     0  startup_stm32f446xx.o(.text)
    WWDG_IRQHandler                          0x080002d7   Thumb Code     0  startup_stm32f446xx.o(.text)
    __user_initial_stackheap                 0x080002d9   Thumb Code     0  startup_stm32f446xx.o(.text)
    __aeabi_uldivmod                         0x080002fd   Thumb Code     0  lludivv7m.o(.text)
    _ll_udiv                                 0x080002fd   Thumb Code   240  lludivv7m.o(.text)
    __2sprintf                               0x080003ed   Thumb Code    38  __2sprintf.o(.text)
    _printf_pre_padding                      0x08000419   Thumb Code    44  _printf_pad.o(.text)
    _printf_post_padding                     0x08000445   Thumb Code    34  _printf_pad.o(.text)
    _printf_str                              0x08000467   Thumb Code    82  _printf_str.o(.text)
    _printf_int_dec                          0x080004b9   Thumb Code   104  _printf_dec.o(.text)
    _printf_int_hex                          0x08000531   Thumb Code    84  _printf_hex_int.o(.text)
    _printf_longlong_hex                     0x08000531   Thumb Code     0  _printf_hex_int.o(.text)
    __printf                                 0x08000589   Thumb Code   308  __printf_flags_wp.o(.text)
    strlen                                   0x080006c1   Thumb Code    62  strlen.o(.text)
    __aeabi_memcpy                           0x080006ff   Thumb Code     0  rt_memcpy_v6.o(.text)
    __rt_memcpy                              0x080006ff   Thumb Code   138  rt_memcpy_v6.o(.text)
    _memcpy_lastbytes                        0x08000765   Thumb Code     0  rt_memcpy_v6.o(.text)
    __aeabi_memmove                          0x08000789   Thumb Code     0  rt_memmove_v6.o(.text)
    __rt_memmove                             0x08000789   Thumb Code   132  rt_memmove_v6.o(.text)
    __memmove_lastfew                        0x080007e9   Thumb Code     0  rt_memmove_v6.o(.text)
    __aeabi_memclr4                          0x0800080d   Thumb Code     0  rt_memclr_w.o(.text)
    __aeabi_memclr8                          0x0800080d   Thumb Code     0  rt_memclr_w.o(.text)
    __rt_memclr_w                            0x0800080d   Thumb Code     0  rt_memclr_w.o(.text)
    _memset_w                                0x08000811   Thumb Code    74  rt_memclr_w.o(.text)
    __use_two_region_memory                  0x0800085b   Thumb Code     2  heapauxi.o(.text)
    __rt_heap_escrow$2region                 0x0800085d   Thumb Code     2  heapauxi.o(.text)
    __rt_heap_expand$2region                 0x0800085f   Thumb Code     2  heapauxi.o(.text)
    __read_errno                             0x08000861   Thumb Code    10  _rserrno.o(.text)
    __set_errno                              0x0800086b   Thumb Code    12  _rserrno.o(.text)
    _printf_int_common                       0x08000877   Thumb Code   178  _printf_intcommon.o(.text)
    _printf_fp_dec_real                      0x08000ad9   Thumb Code   620  _printf_fp_dec.o(.text)
    _printf_char_common                      0x08000d4f   Thumb Code    32  _printf_char_common.o(.text)
    _sputc                                   0x08000d75   Thumb Code    10  _sputc.o(.text)
    _printf_cs_common                        0x08000d7f   Thumb Code    20  _printf_char.o(.text)
    _printf_char                             0x08000d93   Thumb Code    16  _printf_char.o(.text)
    _printf_string                           0x08000da3   Thumb Code     8  _printf_char.o(.text)
    __aeabi_memcpy4                          0x08000dab   Thumb Code     0  rt_memcpy_w.o(.text)
    __aeabi_memcpy8                          0x08000dab   Thumb Code     0  rt_memcpy_w.o(.text)
    __rt_memcpy_w                            0x08000dab   Thumb Code   100  rt_memcpy_w.o(.text)
    _memcpy_lastbytes_aligned                0x08000df3   Thumb Code     0  rt_memcpy_w.o(.text)
    __aeabi_memmove4                         0x08000e0f   Thumb Code     0  rt_memmove_w.o(.text)
    __aeabi_memmove8                         0x08000e0f   Thumb Code     0  rt_memmove_w.o(.text)
    __rt_memmove_w                           0x08000e0f   Thumb Code   122  rt_memmove_w.o(.text)
    __memmove_aligned                        0x08000e35   Thumb Code     0  rt_memmove_w.o(.text)
    __memmove_lastfew_aligned                0x08000e6d   Thumb Code     0  rt_memmove_w.o(.text)
    __rt_locale                              0x08000e89   Thumb Code     8  rt_locale_intlibspace.o(.text)
    __aeabi_errno_addr                       0x08000e91   Thumb Code     8  rt_errno_addr_intlibspace.o(.text)
    __errno$intlibspace                      0x08000e91   Thumb Code     0  rt_errno_addr_intlibspace.o(.text)
    __rt_errno_addr$intlibspace              0x08000e91   Thumb Code     0  rt_errno_addr_intlibspace.o(.text)
    _ll_udiv10                               0x08000e99   Thumb Code   138  lludiv10.o(.text)
    _printf_fp_infnan                        0x08000f25   Thumb Code   112  _printf_fp_infnan.o(.text)
    _btod_etento                             0x08000fa5   Thumb Code   224  bigflt0.o(.text)
    __user_libspace                          0x08001089   Thumb Code     8  libspace.o(.text)
    __user_perproc_libspace                  0x08001089   Thumb Code     0  libspace.o(.text)
    __user_perthread_libspace                0x08001089   Thumb Code     0  libspace.o(.text)
    __user_setup_stackheap                   0x08001091   Thumb Code    74  sys_stackheap_outer.o(.text)
    exit                                     0x080010db   Thumb Code    18  exit.o(.text)
    strcmp                                   0x080010f1   Thumb Code   124  strcmpv7em.o(.text)
    _sys_exit                                0x0800116d   Thumb Code     8  sys_exit.o(.text)
    __I$use$semihosting                      0x08001179   Thumb Code     0  use_no_semi.o(.text)
    __use_no_semihosting_swi                 0x08001179   Thumb Code     2  use_no_semi.o(.text)
    BusFault_Handler                         0x0800117b   Thumb Code     2  stm32f4xx_it.o(.text.BusFault_Handler)
    __semihosting_library_function           0x0800117b   Thumb Code     0  indicate_semi.o(.text)
    DMA2_Stream1_IRQHandler                  0x0800117d   Thumb Code     8  stm32f4xx_it.o(.text.DMA2_Stream1_IRQHandler)
    DebugMon_Handler                         0x080011db   Thumb Code     2  stm32f4xx_it.o(.text.DebugMon_Handler)
    Encoder_Data_Init                        0x080011dd   Thumb Code     2  encoder_speed.o(.text.Encoder_Data_Init)
    Encoder_Data_Reset                       0x080011df   Thumb Code    14  encoder_speed.o(.text.Encoder_Data_Reset)
    Encoder_Data_Update                      0x080011ed   Thumb Code   108  encoder_speed.o(.text.Encoder_Data_Update)
    Encoder_GetLeft                          0x08001265   Thumb Code    16  encoder.o(.text.Encoder_GetLeft)
    Encoder_GetLeftCount                     0x08001275   Thumb Code    24  encoder.o(.text.Encoder_GetLeftCount)
    Encoder_GetRight                         0x0800128d   Thumb Code    16  encoder.o(.text.Encoder_GetRight)
    Encoder_GetRightCount                    0x0800129d   Thumb Code    24  encoder.o(.text.Encoder_GetRightCount)
    Encoder_Init                             0x080012b5   Thumb Code    44  encoder.o(.text.Encoder_Init)
    Encoder_Reset                            0x080012e1   Thumb Code    28  encoder.o(.text.Encoder_Reset)
    Error_Handler                            0x08001345   Thumb Code     4  main.o(.text.Error_Handler)
    HAL_ADC_ConfigChannel                    0x08001349   Thumb Code   272  stm32f4xx_hal_adc.o(.text.HAL_ADC_ConfigChannel)
    HAL_ADC_Init                             0x08001461   Thumb Code   308  stm32f4xx_hal_adc.o(.text.HAL_ADC_Init)
    HAL_ADC_MspInit                          0x080015a5   Thumb Code    92  adc.o(.text.HAL_ADC_MspInit)
    HAL_DMA_Abort                            0x08001609   Thumb Code   122  stm32f4xx_hal_dma.o(.text.HAL_DMA_Abort)
    HAL_DMA_Abort_IT                         0x08001683   Thumb Code    36  stm32f4xx_hal_dma.o(.text.HAL_DMA_Abort_IT)
    HAL_DMA_IRQHandler                       0x080016a9   Thumb Code   344  stm32f4xx_hal_dma.o(.text.HAL_DMA_IRQHandler)
    HAL_DMA_Init                             0x08001805   Thumb Code   252  stm32f4xx_hal_dma.o(.text.HAL_DMA_Init)
    HAL_DMA_Start_IT                         0x08001905   Thumb Code    92  stm32f4xx_hal_dma.o(.text.HAL_DMA_Start_IT)
    HAL_Delay                                0x08001961   Thumb Code    32  stm32f4xx_hal.o(.text.HAL_Delay)
    HAL_GPIO_Init                            0x08001985   Thumb Code   384  stm32f4xx_hal_gpio.o(.text.HAL_GPIO_Init)
    HAL_GetTick                              0x08001b1d   Thumb Code     8  stm32f4xx_hal.o(.text.HAL_GetTick)
    HAL_I2C_Init                             0x08001b25   Thumb Code   276  stm32f4xx_hal_i2c.o(.text.HAL_I2C_Init)
    HAL_I2C_Mem_Read                         0x08001c49   Thumb Code   296  stm32f4xx_hal_i2c.o(.text.HAL_I2C_Mem_Read)
    HAL_I2C_Mem_Write                        0x08001d75   Thumb Code   216  stm32f4xx_hal_i2c.o(.text.HAL_I2C_Mem_Write)
    HAL_I2C_MspInit                          0x08001e55   Thumb Code   100  i2c.o(.text.HAL_I2C_MspInit)
    HAL_IncTick                              0x08001ec1   Thumb Code    16  stm32f4xx_hal.o(.text.HAL_IncTick)
    HAL_Init                                 0x08001ed5   Thumb Code    48  stm32f4xx_hal.o(.text.HAL_Init)
    HAL_InitTick                             0x08001f09   Thumb Code    56  stm32f4xx_hal.o(.text.HAL_InitTick)
    HAL_MspInit                              0x08001f45   Thumb Code    52  stm32f4xx_hal_msp.o(.text.HAL_MspInit)
    HAL_NVIC_EnableIRQ                       0x08001f7d   Thumb Code    28  stm32f4xx_hal_cortex.o(.text.HAL_NVIC_EnableIRQ)
    HAL_NVIC_SetPriority                     0x08001f9d   Thumb Code    72  stm32f4xx_hal_cortex.o(.text.HAL_NVIC_SetPriority)
    HAL_NVIC_SetPriorityGrouping             0x08001fe9   Thumb Code    24  stm32f4xx_hal_cortex.o(.text.HAL_NVIC_SetPriorityGrouping)
    HAL_RCC_ClockConfig                      0x08002009   Thumb Code   268  stm32f4xx_hal_rcc.o(.text.HAL_RCC_ClockConfig)
    HAL_RCC_GetPCLK1Freq                     0x08002121   Thumb Code    20  stm32f4xx_hal_rcc.o(.text.HAL_RCC_GetPCLK1Freq)
    HAL_RCC_GetPCLK2Freq                     0x08002135   Thumb Code    20  stm32f4xx_hal_rcc.o(.text.HAL_RCC_GetPCLK2Freq)
    HAL_RCC_GetSysClockFreq                  0x08002155   Thumb Code    92  stm32f4xx_hal_rcc_ex.o(.text.HAL_RCC_GetSysClockFreq)
    HAL_RCC_OscConfig                        0x080021bd   Thumb Code   836  stm32f4xx_hal_rcc_ex.o(.text.HAL_RCC_OscConfig)
    HAL_SYSTICK_Config                       0x0800250d   Thumb Code    32  stm32f4xx_hal_cortex.o(.text.HAL_SYSTICK_Config)
    HAL_TIMEx_MasterConfigSynchronization    0x08002535   Thumb Code   112  stm32f4xx_hal_tim_ex.o(.text.HAL_TIMEx_MasterConfigSynchronization)
    HAL_TIM_Base_Init                        0x080025b9   Thumb Code    36  stm32f4xx_hal_tim.o(.text.HAL_TIM_Base_Init)
    HAL_TIM_Base_MspInit                     0x080025dd   Thumb Code    40  tim.o(.text.HAL_TIM_Base_MspInit)
    HAL_TIM_ConfigClockSource                0x08002609   Thumb Code   206  stm32f4xx_hal_tim.o(.text.HAL_TIM_ConfigClockSource)
    HAL_TIM_Encoder_Init                     0x080026d7   Thumb Code   150  stm32f4xx_hal_tim.o(.text.HAL_TIM_Encoder_Init)
    HAL_TIM_Encoder_MspInit                  0x0800276d   Thumb Code   160  tim.o(.text.HAL_TIM_Encoder_MspInit)
    HAL_TIM_Encoder_Start                    0x08002815   Thumb Code    90  stm32f4xx_hal_tim.o(.text.HAL_TIM_Encoder_Start)
    HAL_TIM_MspPostInit                      0x08002871   Thumb Code   120  tim.o(.text.HAL_TIM_MspPostInit)
    HAL_TIM_PWM_ConfigChannel                0x080028f1   Thumb Code   136  stm32f4xx_hal_tim.o(.text.HAL_TIM_PWM_ConfigChannel)
    HAL_TIM_PWM_Init                         0x08002979   Thumb Code    36  stm32f4xx_hal_tim.o(.text.HAL_TIM_PWM_Init)
    HAL_TIM_PWM_MspInit                      0x0800299d   Thumb Code     2  stm32f4xx_hal_tim.o(.text.HAL_TIM_PWM_MspInit)
    HAL_TIM_PWM_Start                        0x080029a1   Thumb Code   152  stm32f4xx_hal_tim.o(.text.HAL_TIM_PWM_Start)
    HAL_UARTEx_RxEventCallback               0x08002a55   Thumb Code     2  stm32f4xx_hal_uart.o(.text.HAL_UARTEx_RxEventCallback)
    HAL_UART_ErrorCallback                   0x08002a57   Thumb Code     2  stm32f4xx_hal_uart.o(.text.HAL_UART_ErrorCallback)
    HAL_UART_IRQHandler                      0x08002a59   Thumb Code   580  stm32f4xx_hal_uart.o(.text.HAL_UART_IRQHandler)
    HAL_UART_Init                            0x08002ca1   Thumb Code    38  stm32f4xx_hal_uart.o(.text.HAL_UART_Init)
    HAL_UART_MspInit                         0x08002cc9   Thumb Code   284  usart.o(.text.HAL_UART_MspInit)
    HAL_UART_Receive_DMA                     0x08002df9   Thumb Code    28  stm32f4xx_hal_uart.o(.text.HAL_UART_Receive_DMA)
    HAL_UART_Receive_IT                      0x08002e15   Thumb Code    34  stm32f4xx_hal_uart.o(.text.HAL_UART_Receive_IT)
    HAL_UART_RxCpltCallback                  0x08002e39   Thumb Code   632  main.o(.text.HAL_UART_RxCpltCallback)
    HAL_UART_RxHalfCpltCallback              0x08003109   Thumb Code     2  stm32f4xx_hal_uart.o(.text.HAL_UART_RxHalfCpltCallback)
    HAL_UART_Transmit                        0x0800310b   Thumb Code   170  stm32f4xx_hal_uart.o(.text.HAL_UART_Transmit)
    HAL_UART_Transmit_IT                     0x080031b5   Thumb Code    52  stm32f4xx_hal_uart.o(.text.HAL_UART_Transmit_IT)
    HAL_UART_TxCpltCallback                  0x080031e9   Thumb Code    16  stm32f4xx_it.o(.text.HAL_UART_TxCpltCallback)
    HardFault_Handler                        0x080031fd   Thumb Code     2  stm32f4xx_it.o(.text.HardFault_Handler)
    IMU_CalibrateGyroZ                       0x08003545   Thumb Code   132  imu.o(.text.IMU_CalibrateGyroZ)
    IMU_Init                                 0x08003619   Thumb Code   168  imu.o(.text.IMU_Init)
    IMU_InitYawReference                     0x080036e1   Thumb Code     6  imu.o(.text.IMU_InitYawReference)
    IMU_PrintPhysicalValues                  0x080036e9   Thumb Code   288  imu.o(.text.IMU_PrintPhysicalValues)
    IMU_PrintRawData                         0x080038a5   Thumb Code   112  imu.o(.text.IMU_PrintRawData)
    IMU_ReadSensor                           0x08003969   Thumb Code   148  imu.o(.text.IMU_ReadSensor)
    IMU_UpdateYaw                            0x08003a19   Thumb Code    84  imu.o(.text.IMU_UpdateYaw)
    MX_ADC1_Init                             0x08003a79   Thumb Code    80  adc.o(.text.MX_ADC1_Init)
    MX_DMA_Init                              0x08003ad5   Thumb Code    48  dma.o(.text.MX_DMA_Init)
    MX_GPIO_Init                             0x08003b05   Thumb Code    92  gpio.o(.text.MX_GPIO_Init)
    MX_I2C1_Init                             0x08003b65   Thumb Code    48  i2c.o(.text.MX_I2C1_Init)
    MX_TIM2_Init                             0x08003ba1   Thumb Code    52  tim.o(.text.MX_TIM2_Init)
    MX_TIM3_Init                             0x08003bd9   Thumb Code   196  tim.o(.text.MX_TIM3_Init)
    MX_TIM4_Init                             0x08003ca1   Thumb Code    48  tim.o(.text.MX_TIM4_Init)
    MX_USART3_UART_Init                      0x08003cd9   Thumb Code    32  usart.o(.text.MX_USART3_UART_Init)
    MX_USART6_UART_Init                      0x08003d01   Thumb Code    32  usart.o(.text.MX_USART6_UART_Init)
    MemManage_Handler                        0x08003d29   Thumb Code     2  stm32f4xx_it.o(.text.MemManage_Handler)
    Motor_Backward                           0x08003d2d   Thumb Code    80  motor.o(.text.Motor_Backward)
    Motor_Forward                            0x08003d7d   Thumb Code    80  motor.o(.text.Motor_Forward)
    Motor_Init                               0x08003dcd   Thumb Code    44  motor.o(.text.Motor_Init)
    Motor_PID_Init                           0x08003dfd   Thumb Code    44  motor.o(.text.Motor_PID_Init)
    Motor_Stop                               0x08003e35   Thumb Code    32  motor.o(.text.Motor_Stop)
    Motor_TurnLeft                           0x08003e55   Thumb Code    32  motor.o(.text.Motor_TurnLeft)
    Motor_TurnRight                          0x08003e75   Thumb Code    40  motor.o(.text.Motor_TurnRight)
    Motor_UpdateActualSpeed                  0x08003ea5   Thumb Code   136  motor.o(.text.Motor_UpdateActualSpeed)
    NMI_Handler                              0x08003f41   Thumb Code     2  stm32f4xx_it.o(.text.NMI_Handler)
    PID_Update                               0x0800447d   Thumb Code   160  pid.o(.text.PID_Update)
    ParseData                                0x08004525   Thumb Code   300  stm32f4xx_it.o(.text.ParseData)
    Parseradar                               0x0800465d   Thumb Code   124  stm32f4xx_it.o(.text.Parseradar)
    PendSV_Handler                           0x08004735   Thumb Code     2  stm32f4xx_it.o(.text.PendSV_Handler)
    SVC_Handler                              0x08004737   Thumb Code     2  stm32f4xx_it.o(.text.SVC_Handler)
    SysTick_Handler                          0x08004739   Thumb Code     4  stm32f4xx_it.o(.text.SysTick_Handler)
    SystemClock_Config                       0x0800473d   Thumb Code   148  main.o(.text.SystemClock_Config)
    SystemInit                               0x080047d9   Thumb Code    12  system_stm32f4xx.o(.text.SystemInit)
    TIM_Base_SetConfig                       0x080047e9   Thumb Code   180  stm32f4xx_hal_tim.o(.text.TIM_Base_SetConfig)
    TIM_CCxChannelCmd                        0x080048c5   Thumb Code    30  stm32f4xx_hal_tim.o(.text.TIM_CCxChannelCmd)
    TIM_OC2_SetConfig                        0x08004945   Thumb Code    96  stm32f4xx_hal_tim.o(.text.TIM_OC2_SetConfig)
    UART_Start_Receive_DMA                   0x08004d55   Thumb Code   132  stm32f4xx_hal_uart.o(.text.UART_Start_Receive_DMA)
    UART_Start_Receive_IT                    0x08004de5   Thumb Code    50  stm32f4xx_hal_uart.o(.text.UART_Start_Receive_IT)
    USART3_IRQHandler                        0x08004e81   Thumb Code     8  stm32f4xx_it.o(.text.USART3_IRQHandler)
    USART6_IRQHandler                        0x08004e89   Thumb Code   148  stm32f4xx_it.o(.text.USART6_IRQHandler)
    UsageFault_Handler                       0x08004f21   Thumb Code     2  stm32f4xx_it.o(.text.UsageFault_Handler)
    main                                     0x08004f29   Thumb Code   576  main.o(.text.main)
    _btod_d2e                                0x080051b5   Thumb Code    62  btod.o(CL$$btod_d2e)
    _d2e_denorm_low                          0x080051f3   Thumb Code    70  btod.o(CL$$btod_d2e_denorm_low)
    _d2e_norm_op1                            0x08005239   Thumb Code    96  btod.o(CL$$btod_d2e_norm_op1)
    __btod_div_common                        0x08005299   Thumb Code   696  btod.o(CL$$btod_div_common)
    _e2e                                     0x080055d1   Thumb Code   220  btod.o(CL$$btod_e2e)
    _btod_ediv                               0x080056ad   Thumb Code    42  btod.o(CL$$btod_ediv)
    _btod_emul                               0x080056d7   Thumb Code    42  btod.o(CL$$btod_emul)
    __btod_mult_common                       0x08005701   Thumb Code   580  btod.o(CL$$btod_mult_common)
    __ARM_fpclassify                         0x08005945   Thumb Code    48  fpclassify.o(i.__ARM_fpclassify)
    __hardfp_cos                             0x08005979   Thumb Code   180  cos.o(i.__hardfp_cos)
    __hardfp_sin                             0x08005a41   Thumb Code   180  sin.o(i.__hardfp_sin)
    __ieee754_rem_pio2                       0x08005b09   Thumb Code   938  rred.o(i.__ieee754_rem_pio2)
    __kernel_cos                             0x08005f41   Thumb Code   322  cos_i.o(i.__kernel_cos)
    __kernel_poly                            0x080060b1   Thumb Code   248  poly.o(i.__kernel_poly)
    __kernel_sin                             0x080061a9   Thumb Code   280  sin_i.o(i.__kernel_sin)
    __mathlib_dbl_infnan                     0x080062d9   Thumb Code    20  dunder.o(i.__mathlib_dbl_infnan)
    __mathlib_dbl_invalid                    0x080062f1   Thumb Code    24  dunder.o(i.__mathlib_dbl_invalid)
    __mathlib_dbl_underflow                  0x08006311   Thumb Code    24  dunder.o(i.__mathlib_dbl_underflow)
    _is_digit                                0x08006331   Thumb Code    14  __printf_wp.o(i._is_digit)
    fabs                                     0x0800633f   Thumb Code    24  fabs.o(i.fabs)
    _get_lc_numeric                          0x08006359   Thumb Code    44  lc_numeric_c.o(locale$$code)
    __aeabi_dneg                             0x08006385   Thumb Code     0  basic.o(x$fpl$basic)
    _dneg                                    0x08006385   Thumb Code     6  basic.o(x$fpl$basic)
    __aeabi_fneg                             0x0800638b   Thumb Code     0  basic.o(x$fpl$basic)
    _fneg                                    0x0800638b   Thumb Code     6  basic.o(x$fpl$basic)
    _dabs                                    0x08006391   Thumb Code     6  basic.o(x$fpl$basic)
    _fabs                                    0x08006397   Thumb Code     6  basic.o(x$fpl$basic)
    __aeabi_d2f                              0x0800639d   Thumb Code     0  d2f.o(x$fpl$d2f)
    _d2f                                     0x0800639d   Thumb Code    98  d2f.o(x$fpl$d2f)
    __aeabi_dadd                             0x08006401   Thumb Code     0  daddsub_clz.o(x$fpl$dadd)
    _dadd                                    0x08006401   Thumb Code   332  daddsub_clz.o(x$fpl$dadd)
    __aeabi_ddiv                             0x08006551   Thumb Code     0  ddiv.o(x$fpl$ddiv)
    _ddiv                                    0x08006551   Thumb Code   560  ddiv.o(x$fpl$ddiv)
    __aeabi_d2iz                             0x08006809   Thumb Code     0  dfix.o(x$fpl$dfix)
    _dfix                                    0x08006809   Thumb Code    94  dfix.o(x$fpl$dfix)
    __aeabi_i2d                              0x08006867   Thumb Code     0  dflt_clz.o(x$fpl$dflt)
    _dflt                                    0x08006867   Thumb Code    46  dflt_clz.o(x$fpl$dflt)
    __aeabi_ui2d                             0x08006895   Thumb Code     0  dflt_clz.o(x$fpl$dfltu)
    _dfltu                                   0x08006895   Thumb Code    38  dflt_clz.o(x$fpl$dfltu)
    __aeabi_dmul                             0x080068bd   Thumb Code     0  dmul.o(x$fpl$dmul)
    _dmul                                    0x080068bd   Thumb Code   332  dmul.o(x$fpl$dmul)
    __fpl_dnaninf                            0x08006a11   Thumb Code   156  dnaninf.o(x$fpl$dnaninf)
    __fpl_dretinf                            0x08006aad   Thumb Code    12  dretinf.o(x$fpl$dretinf)
    __aeabi_drsub                            0x08006ab9   Thumb Code     0  daddsub_clz.o(x$fpl$drsb)
    _drsb                                    0x08006ab9   Thumb Code    22  daddsub_clz.o(x$fpl$drsb)
    __aeabi_dsub                             0x08006ad1   Thumb Code     0  daddsub_clz.o(x$fpl$dsub)
    _dsub                                    0x08006ad1   Thumb Code   472  daddsub_clz.o(x$fpl$dsub)
    __aeabi_f2d                              0x08006cad   Thumb Code     0  f2d.o(x$fpl$f2d)
    _f2d                                     0x08006cad   Thumb Code    86  f2d.o(x$fpl$f2d)
    __fpl_fnaninf                            0x08006d03   Thumb Code   140  fnaninf.o(x$fpl$fnaninf)
    _fp_init                                 0x08006d8f   Thumb Code    26  fpinit.o(x$fpl$fpinit)
    __fplib_config_fpu_vfp                   0x08006da7   Thumb Code     0  fpinit.o(x$fpl$fpinit)
    __fplib_config_pureend_doubles           0x08006da7   Thumb Code     0  fpinit.o(x$fpl$fpinit)
    __fpl_fretinf                            0x08006da9   Thumb Code    10  fretinf.o(x$fpl$fretinf)
    _printf_fp_dec                           0x08006db3   Thumb Code     4  printf1.o(x$fpl$printf1)
    __I$use$fp                               0x08006db6   Number         0  usenofp.o(x$fpl$usenofp)
    AHBPrescTable                            0x08006fac   Data          16  system_stm32f4xx.o(.rodata.AHBPrescTable)
    APBPrescTable                            0x08006fbc   Data           8  system_stm32f4xx.o(.rodata.APBPrescTable)
    Region$$Table$$Base                      0x0800701c   Number         0  anon$$obj.o(Region$$Table)
    Region$$Table$$Limit                     0x0800703c   Number         0  anon$$obj.o(Region$$Table)
    is_first_call                            0x20000000   Data           1  main.o(.data..L_MergedGlobals)
    txtA5                                    0x20000001   Data           4  main.o(.data..L_MergedGlobals)
    txtstop                                  0x20000005   Data           5  main.o(.data..L_MergedGlobals)
    txtleft                                  0x2000000a   Data           5  main.o(.data..L_MergedGlobals)
    txtright                                 0x2000000f   Data           6  main.o(.data..L_MergedGlobals)
    txtforward                               0x20000015   Data           8  main.o(.data..L_MergedGlobals)
    txtbackward                              0x2000001d   Data           9  main.o(.data..L_MergedGlobals)
    txtrdstop                                0x20000026   Data          10  main.o(.data..L_MergedGlobals)
    txtrdstart                               0x20000030   Data          11  main.o(.data..L_MergedGlobals)
    txtundentified                           0x2000003b   Data          12  main.o(.data..L_MergedGlobals)
    txtrdstate                               0x20000047   Data          13  main.o(.data..L_MergedGlobals)
    txtnice                                  0x20000054   Data           5  stm32f4xx_it.o(.data..L_MergedGlobals)
    txtwarn                                  0x20000059   Data           5  stm32f4xx_it.o(.data..L_MergedGlobals)
    txterror                                 0x2000005e   Data          12  stm32f4xx_it.o(.data..L_MergedGlobals)
    txtundentifiedmsg                        0x2000006a   Data          15  stm32f4xx_it.o(.data..L_MergedGlobals)
    uwTickFreq                               0x2000007c   Data           1  stm32f4xx_hal.o(.data..L_MergedGlobals)
    uwTickPrio                               0x20000080   Data           4  stm32f4xx_hal.o(.data..L_MergedGlobals)
    SystemCoreClock                          0x20000084   Data           4  system_stm32f4xx.o(.data.SystemCoreClock)
    flag                                     0x20000088   Data          10  main.o(.data.flag)
    motor_is_stop                            0x20000094   Data           4  motor.o(.data.motor_is_stop)
    __libspace_start                         0x20000098   Data          96  libspace.o(.bss)
    __temporary_stack_top$libspace           0x200000f8   Data           0  libspace.o(.bss)
    pid_left                                 0x200000f8   Data          44  motor.o(.bss..L_MergedGlobals)
    pid_right                                0x20000124   Data          44  motor.o(.bss..L_MergedGlobals)
    sync_mode                                0x20000160   Data           1  stm32f4xx_it.o(.bss..L_MergedGlobals.3)
    cur_data_len                             0x20000161   Data           1  stm32f4xx_it.o(.bss..L_MergedGlobals.3)
    parse_len                                0x20000162   Data           2  stm32f4xx_it.o(.bss..L_MergedGlobals.3)
    fuckoff                                  0x20000168   Data           4  stm32f4xx_it.o(.bss..L_MergedGlobals.3)
    parse_buf                                0x2000016c   Data          64  stm32f4xx_it.o(.bss..L_MergedGlobals.3)
    rx3buf                                   0x200001b0   Data           2  main.o(.bss..L_MergedGlobals.7)
    txtnewcommand                            0x200001b2   Data           3  main.o(.bss..L_MergedGlobals.7)
    imu_prev_time                            0x200001b8   Data           4  main.o(.bss..L_MergedGlobals.7)
    speedon                                  0x200001bc   Data           4  main.o(.bss..L_MergedGlobals.7)
    mpuon                                    0x200001c0   Data           4  main.o(.bss..L_MergedGlobals.7)
    last_angle                               0x200001c4   Data           4  main.o(.bss..L_MergedGlobals.7)
    encoder_update_timer                     0x200001c8   Data           4  main.o(.bss..L_MergedGlobals.7)
    encoder_print_timer                      0x200001cc   Data           4  main.o(.bss..L_MergedGlobals.7)
    x_d                                      0x200001d0   Data           4  main.o(.bss..L_MergedGlobals.7)
    y_d                                      0x200001d4   Data           4  main.o(.bss..L_MergedGlobals.7)
    last_x                                   0x200001d8   Data           4  main.o(.bss..L_MergedGlobals.7)
    last_y                                   0x200001dc   Data           4  main.o(.bss..L_MergedGlobals.7)
    diff_x                                   0x200001e0   Data           4  main.o(.bss..L_MergedGlobals.7)
    diff_y                                   0x200001e4   Data           4  main.o(.bss..L_MergedGlobals.7)
    prev_left_distance                       0x200001e8   Data           4  main.o(.bss..L_MergedGlobals.7)
    prev_right_distance                      0x200001ec   Data           4  main.o(.bss..L_MergedGlobals.7)
    instant_distance                         0x200001f0   Data           8  main.o(.bss..L_MergedGlobals.7)
    encoder_data                             0x200001f8   Data          16  main.o(.bss..L_MergedGlobals.7)
    imuData                                  0x20000208   Data          28  main.o(.bss..L_MergedGlobals.7)
    encoder_info                             0x20000224   Data         128  main.o(.bss.encoder_info)
    hadc1                                    0x200002a4   Data          72  adc.o(.bss.hadc1)
    hdma_usart6_rx                           0x200002ec   Data          96  usart.o(.bss.hdma_usart6_rx)
    hi2c1                                    0x2000034c   Data          84  i2c.o(.bss.hi2c1)
    htim2                                    0x200003a0   Data          72  tim.o(.bss.htim2)
    htim3                                    0x200003e8   Data          72  tim.o(.bss.htim3)
    htim4                                    0x20000430   Data          72  tim.o(.bss.htim4)
    huart3                                   0x20000478   Data          72  usart.o(.bss.huart3)
    huart6                                   0x200004c0   Data          72  usart.o(.bss.huart6)
    infolen                                  0x20000508   Data           4  stm32f4xx_it.o(.bss.infolen)
    rdinfobuf                                0x2000050c   Data         256  stm32f4xx_it.o(.bss.rdinfobuf)
    rx6buf                                   0x2000060c   Data          64  main.o(.bss.rx6buf)
    uart3_busy                               0x2000064c   Data           1  stm32f4xx_it.o(.bss.uart3_busy)
    uwTick                                   0x20000650   Data           4  stm32f4xx_hal.o(.bss.uwTick)



==============================================================================

Memory Map of the image

  Image Entry point : 0x080001c5

  Load Region LR_IROM1 (Base: 0x08000000, Size: 0x000070f0, Max: 0x00080000, ABSOLUTE)

    Execution Region ER_IROM1 (Exec base: 0x08000000, Load base: 0x08000000, Size: 0x00007058, Max: 0x00080000, ABSOLUTE)

    Exec Addr    Load Addr    Size         Type   Attr      Idx    E Section Name        Object

    0x08000000   0x08000000   0x000001c4   Data   RO            3    RESET               startup_stm32f446xx.o
    0x080001c4   0x080001c4   0x00000008   Code   RO         2004  * !!!main             c_w.l(__main.o)
    0x080001cc   0x080001cc   0x0000005c   Code   RO         2338    !!!scatter          c_w.l(__scatter.o)
    0x08000228   0x08000228   0x0000001a   Code   RO         2342    !!handler_copy      c_w.l(__scatter_copy.o)
    0x08000242   0x08000242   0x00000002   PAD
    0x08000244   0x08000244   0x00000002   Code   RO         2339    !!handler_null      c_w.l(__scatter.o)
    0x08000246   0x08000246   0x00000002   PAD
    0x08000248   0x08000248   0x0000001c   Code   RO         2344    !!handler_zi        c_w.l(__scatter_zi.o)
    0x08000264   0x08000264   0x00000000   Code   RO         1993    .ARM.Collect$$_printf_percent$$00000000  c_w.l(_printf_percent.o)
    0x08000264   0x08000264   0x00000006   Code   RO         1992    .ARM.Collect$$_printf_percent$$00000003  c_w.l(_printf_f.o)
    0x0800026a   0x0800026a   0x00000006   Code   RO         1991    .ARM.Collect$$_printf_percent$$00000009  c_w.l(_printf_d.o)
    0x08000270   0x08000270   0x00000006   Code   RO         1990    .ARM.Collect$$_printf_percent$$0000000C  c_w.l(_printf_x.o)
    0x08000276   0x08000276   0x00000006   Code   RO         1989    .ARM.Collect$$_printf_percent$$00000014  c_w.l(_printf_s.o)
    0x0800027c   0x0800027c   0x00000004   Code   RO         2061    .ARM.Collect$$_printf_percent$$00000017  c_w.l(_printf_percent_end.o)
    0x08000280   0x08000280   0x00000002   Code   RO         2201    .ARM.Collect$$libinit$$00000000  c_w.l(libinit.o)
    0x08000282   0x08000282   0x00000004   Code   RO         2202    .ARM.Collect$$libinit$$00000001  c_w.l(libinit2.o)
    0x08000286   0x08000286   0x00000000   Code   RO         2205    .ARM.Collect$$libinit$$00000004  c_w.l(libinit2.o)
    0x08000286   0x08000286   0x00000000   Code   RO         2207    .ARM.Collect$$libinit$$00000006  c_w.l(libinit2.o)
    0x08000286   0x08000286   0x00000000   Code   RO         2210    .ARM.Collect$$libinit$$0000000C  c_w.l(libinit2.o)
    0x08000286   0x08000286   0x00000000   Code   RO         2212    .ARM.Collect$$libinit$$0000000E  c_w.l(libinit2.o)
    0x08000286   0x08000286   0x00000000   Code   RO         2214    .ARM.Collect$$libinit$$00000010  c_w.l(libinit2.o)
    0x08000286   0x08000286   0x00000006   Code   RO         2215    .ARM.Collect$$libinit$$00000011  c_w.l(libinit2.o)
    0x0800028c   0x0800028c   0x00000000   Code   RO         2217    .ARM.Collect$$libinit$$00000013  c_w.l(libinit2.o)
    0x0800028c   0x0800028c   0x00000000   Code   RO         2219    .ARM.Collect$$libinit$$00000015  c_w.l(libinit2.o)
    0x0800028c   0x0800028c   0x00000000   Code   RO         2221    .ARM.Collect$$libinit$$00000017  c_w.l(libinit2.o)
    0x0800028c   0x0800028c   0x0000000a   Code   RO         2222    .ARM.Collect$$libinit$$00000018  c_w.l(libinit2.o)
    0x08000296   0x08000296   0x00000000   Code   RO         2223    .ARM.Collect$$libinit$$00000019  c_w.l(libinit2.o)
    0x08000296   0x08000296   0x00000000   Code   RO         2225    .ARM.Collect$$libinit$$0000001B  c_w.l(libinit2.o)
    0x08000296   0x08000296   0x00000000   Code   RO         2227    .ARM.Collect$$libinit$$0000001D  c_w.l(libinit2.o)
    0x08000296   0x08000296   0x00000000   Code   RO         2229    .ARM.Collect$$libinit$$0000001F  c_w.l(libinit2.o)
    0x08000296   0x08000296   0x00000000   Code   RO         2231    .ARM.Collect$$libinit$$00000021  c_w.l(libinit2.o)
    0x08000296   0x08000296   0x00000000   Code   RO         2233    .ARM.Collect$$libinit$$00000023  c_w.l(libinit2.o)
    0x08000296   0x08000296   0x00000000   Code   RO         2235    .ARM.Collect$$libinit$$00000025  c_w.l(libinit2.o)
    0x08000296   0x08000296   0x00000000   Code   RO         2237    .ARM.Collect$$libinit$$00000027  c_w.l(libinit2.o)
    0x08000296   0x08000296   0x00000000   Code   RO         2241    .ARM.Collect$$libinit$$0000002E  c_w.l(libinit2.o)
    0x08000296   0x08000296   0x00000000   Code   RO         2243    .ARM.Collect$$libinit$$00000030  c_w.l(libinit2.o)
    0x08000296   0x08000296   0x00000000   Code   RO         2245    .ARM.Collect$$libinit$$00000032  c_w.l(libinit2.o)
    0x08000296   0x08000296   0x00000000   Code   RO         2247    .ARM.Collect$$libinit$$00000034  c_w.l(libinit2.o)
    0x08000296   0x08000296   0x00000002   Code   RO         2248    .ARM.Collect$$libinit$$00000035  c_w.l(libinit2.o)
    0x08000298   0x08000298   0x00000002   Code   RO         2303    .ARM.Collect$$libshutdown$$00000000  c_w.l(libshutdown.o)
    0x0800029a   0x0800029a   0x00000000   Code   RO         2321    .ARM.Collect$$libshutdown$$00000002  c_w.l(libshutdown2.o)
    0x0800029a   0x0800029a   0x00000000   Code   RO         2323    .ARM.Collect$$libshutdown$$00000004  c_w.l(libshutdown2.o)
    0x0800029a   0x0800029a   0x00000000   Code   RO         2326    .ARM.Collect$$libshutdown$$00000007  c_w.l(libshutdown2.o)
    0x0800029a   0x0800029a   0x00000000   Code   RO         2329    .ARM.Collect$$libshutdown$$0000000A  c_w.l(libshutdown2.o)
    0x0800029a   0x0800029a   0x00000000   Code   RO         2331    .ARM.Collect$$libshutdown$$0000000C  c_w.l(libshutdown2.o)
    0x0800029a   0x0800029a   0x00000000   Code   RO         2334    .ARM.Collect$$libshutdown$$0000000F  c_w.l(libshutdown2.o)
    0x0800029a   0x0800029a   0x00000002   Code   RO         2335    .ARM.Collect$$libshutdown$$00000010  c_w.l(libshutdown2.o)
    0x0800029c   0x0800029c   0x00000000   Code   RO         2042    .ARM.Collect$$rtentry$$00000000  c_w.l(__rtentry.o)
    0x0800029c   0x0800029c   0x00000000   Code   RO         2103    .ARM.Collect$$rtentry$$00000002  c_w.l(__rtentry2.o)
    0x0800029c   0x0800029c   0x00000006   Code   RO         2115    .ARM.Collect$$rtentry$$00000004  c_w.l(__rtentry4.o)
    0x080002a2   0x080002a2   0x00000000   Code   RO         2105    .ARM.Collect$$rtentry$$00000009  c_w.l(__rtentry2.o)
    0x080002a2   0x080002a2   0x00000004   Code   RO         2106    .ARM.Collect$$rtentry$$0000000A  c_w.l(__rtentry2.o)
    0x080002a6   0x080002a6   0x00000000   Code   RO         2108    .ARM.Collect$$rtentry$$0000000C  c_w.l(__rtentry2.o)
    0x080002a6   0x080002a6   0x00000008   Code   RO         2109    .ARM.Collect$$rtentry$$0000000D  c_w.l(__rtentry2.o)
    0x080002ae   0x080002ae   0x00000002   Code   RO         2249    .ARM.Collect$$rtexit$$00000000  c_w.l(rtexit.o)
    0x080002b0   0x080002b0   0x00000000   Code   RO         2268    .ARM.Collect$$rtexit$$00000002  c_w.l(rtexit2.o)
    0x080002b0   0x080002b0   0x00000004   Code   RO         2269    .ARM.Collect$$rtexit$$00000003  c_w.l(rtexit2.o)
    0x080002b4   0x080002b4   0x00000006   Code   RO         2270    .ARM.Collect$$rtexit$$00000004  c_w.l(rtexit2.o)
    0x080002ba   0x080002ba   0x00000002   PAD
    0x080002bc   0x080002bc   0x00000040   Code   RO            4    .text               startup_stm32f446xx.o
    0x080002fc   0x080002fc   0x000000f0   Code   RO         1934    .text               c_w.l(lludivv7m.o)
    0x080003ec   0x080003ec   0x0000002c   Code   RO         1936    .text               c_w.l(__2sprintf.o)
    0x08000418   0x08000418   0x0000004e   Code   RO         1942    .text               c_w.l(_printf_pad.o)
    0x08000466   0x08000466   0x00000052   Code   RO         1944    .text               c_w.l(_printf_str.o)
    0x080004b8   0x080004b8   0x00000078   Code   RO         1946    .text               c_w.l(_printf_dec.o)
    0x08000530   0x08000530   0x00000058   Code   RO         1951    .text               c_w.l(_printf_hex_int.o)
    0x08000588   0x08000588   0x00000138   Code   RO         1981    .text               c_w.l(__printf_flags_wp.o)
    0x080006c0   0x080006c0   0x0000003e   Code   RO         1994    .text               c_w.l(strlen.o)
    0x080006fe   0x080006fe   0x0000008a   Code   RO         1996    .text               c_w.l(rt_memcpy_v6.o)
    0x08000788   0x08000788   0x00000084   Code   RO         1998    .text               c_w.l(rt_memmove_v6.o)
    0x0800080c   0x0800080c   0x0000004e   Code   RO         2000    .text               c_w.l(rt_memclr_w.o)
    0x0800085a   0x0800085a   0x00000006   Code   RO         2002    .text               c_w.l(heapauxi.o)
    0x08000860   0x08000860   0x00000016   Code   RO         2047    .text               c_w.l(_rserrno.o)
    0x08000876   0x08000876   0x000000b2   Code   RO         2049    .text               c_w.l(_printf_intcommon.o)
    0x08000928   0x08000928   0x0000041c   Code   RO         2051    .text               c_w.l(_printf_fp_dec.o)
    0x08000d44   0x08000d44   0x00000030   Code   RO         2055    .text               c_w.l(_printf_char_common.o)
    0x08000d74   0x08000d74   0x0000000a   Code   RO         2057    .text               c_w.l(_sputc.o)
    0x08000d7e   0x08000d7e   0x0000002c   Code   RO         2059    .text               c_w.l(_printf_char.o)
    0x08000daa   0x08000daa   0x00000064   Code   RO         2062    .text               c_w.l(rt_memcpy_w.o)
    0x08000e0e   0x08000e0e   0x0000007a   Code   RO         2064    .text               c_w.l(rt_memmove_w.o)
    0x08000e88   0x08000e88   0x00000008   Code   RO         2122    .text               c_w.l(rt_locale_intlibspace.o)
    0x08000e90   0x08000e90   0x00000008   Code   RO         2127    .text               c_w.l(rt_errno_addr_intlibspace.o)
    0x08000e98   0x08000e98   0x0000008a   Code   RO         2129    .text               c_w.l(lludiv10.o)
    0x08000f22   0x08000f22   0x00000002   PAD
    0x08000f24   0x08000f24   0x00000080   Code   RO         2131    .text               c_w.l(_printf_fp_infnan.o)
    0x08000fa4   0x08000fa4   0x000000e4   Code   RO         2135    .text               c_w.l(bigflt0.o)
    0x08001088   0x08001088   0x00000008   Code   RO         2181    .text               c_w.l(libspace.o)
    0x08001090   0x08001090   0x0000004a   Code   RO         2184    .text               c_w.l(sys_stackheap_outer.o)
    0x080010da   0x080010da   0x00000012   Code   RO         2188    .text               c_w.l(exit.o)
    0x080010ec   0x080010ec   0x00000004   PAD
    0x080010f0   0x080010f0   0x0000007c   Code   RO         2194    .text               c_w.l(strcmpv7em.o)
    0x0800116c   0x0800116c   0x0000000c   Code   RO         2263    .text               c_w.l(sys_exit.o)
    0x08001178   0x08001178   0x00000002   Code   RO         2290    .text               c_w.l(use_no_semi.o)
    0x0800117a   0x0800117a   0x00000000   Code   RO         2292    .text               c_w.l(indicate_semi.o)
    0x0800117a   0x0800117a   0x00000002   Code   RO          261    .text.BusFault_Handler  stm32f4xx_it.o
    0x0800117c   0x0800117c   0x0000000c   Code   RO          275    .text.DMA2_Stream1_IRQHandler  stm32f4xx_it.o
    0x08001188   0x08001188   0x00000030   Code   RO          645    .text.DMA_CalcBaseAndBitshift  stm32f4xx_hal_dma.o
    0x080011b8   0x080011b8   0x00000022   Code   RO          651    .text.DMA_SetConfig  stm32f4xx_hal_dma.o
    0x080011da   0x080011da   0x00000002   Code   RO          267    .text.DebugMon_Handler  stm32f4xx_it.o
    0x080011dc   0x080011dc   0x00000002   Code   RO          107    .text.Encoder_Data_Init  encoder_speed.o
    0x080011de   0x080011de   0x0000000e   Code   RO          115    .text.Encoder_Data_Reset  encoder_speed.o
    0x080011ec   0x080011ec   0x00000078   Code   RO          109    .text.Encoder_Data_Update  encoder_speed.o
    0x08001264   0x08001264   0x00000010   Code   RO           84    .text.Encoder_GetLeft  encoder.o
    0x08001274   0x08001274   0x00000018   Code   RO           88    .text.Encoder_GetLeftCount  encoder.o
    0x0800128c   0x0800128c   0x00000010   Code   RO           86    .text.Encoder_GetRight  encoder.o
    0x0800129c   0x0800129c   0x00000018   Code   RO           92    .text.Encoder_GetRightCount  encoder.o
    0x080012b4   0x080012b4   0x0000002c   Code   RO           82    .text.Encoder_Init  encoder.o
    0x080012e0   0x080012e0   0x00000028   Code   RO           94    .text.Encoder_Reset  encoder.o
    0x08001308   0x08001308   0x0000003c   Code   RO           90    .text.Encoder_Update_State  encoder.o
    0x08001344   0x08001344   0x00000004   Code   RO          133    .text.Error_Handler  main.o
    0x08001348   0x08001348   0x00000118   Code   RO          352    .text.HAL_ADC_ConfigChannel  stm32f4xx_hal_adc.o
    0x08001460   0x08001460   0x00000144   Code   RO          310    .text.HAL_ADC_Init  stm32f4xx_hal_adc.o
    0x080015a4   0x080015a4   0x00000064   Code   RO          160    .text.HAL_ADC_MspInit  adc.o
    0x08001608   0x08001608   0x0000007a   Code   RO          655    .text.HAL_DMA_Abort  stm32f4xx_hal_dma.o
    0x08001682   0x08001682   0x00000024   Code   RO          657    .text.HAL_DMA_Abort_IT  stm32f4xx_hal_dma.o
    0x080016a6   0x080016a6   0x00000002   PAD
    0x080016a8   0x080016a8   0x0000015c   Code   RO          661    .text.HAL_DMA_IRQHandler  stm32f4xx_hal_dma.o
    0x08001804   0x08001804   0x00000100   Code   RO          643    .text.HAL_DMA_Init  stm32f4xx_hal_dma.o
    0x08001904   0x08001904   0x0000005c   Code   RO          653    .text.HAL_DMA_Start_IT  stm32f4xx_hal_dma.o
    0x08001960   0x08001960   0x00000024   Code   RO          833    .text.HAL_Delay     stm32f4xx_hal.o
    0x08001984   0x08001984   0x00000198   Code   RO          605    .text.HAL_GPIO_Init  stm32f4xx_hal_gpio.o
    0x08001b1c   0x08001b1c   0x00000008   Code   RO          825    .text.HAL_GetTick   stm32f4xx_hal.o
    0x08001b24   0x08001b24   0x00000124   Code   RO          907    .text.HAL_I2C_Init  stm32f4xx_hal_i2c.o
    0x08001c48   0x08001c48   0x0000012c   Code   RO          955    .text.HAL_I2C_Mem_Read  stm32f4xx_hal_i2c.o
    0x08001d74   0x08001d74   0x000000e0   Code   RO          951    .text.HAL_I2C_Mem_Write  stm32f4xx_hal_i2c.o
    0x08001e54   0x08001e54   0x0000006c   Code   RO          184    .text.HAL_I2C_MspInit  i2c.o
    0x08001ec0   0x08001ec0   0x00000014   Code   RO          823    .text.HAL_IncTick   stm32f4xx_hal.o
    0x08001ed4   0x08001ed4   0x00000034   Code   RO          813    .text.HAL_Init      stm32f4xx_hal.o
    0x08001f08   0x08001f08   0x0000003c   Code   RO          815    .text.HAL_InitTick  stm32f4xx_hal.o
    0x08001f44   0x08001f44   0x00000038   Code   RO          294    .text.HAL_MspInit   stm32f4xx_hal_msp.o
    0x08001f7c   0x08001f7c   0x00000020   Code   RO          761    .text.HAL_NVIC_EnableIRQ  stm32f4xx_hal_cortex.o
    0x08001f9c   0x08001f9c   0x0000004c   Code   RO          759    .text.HAL_NVIC_SetPriority  stm32f4xx_hal_cortex.o
    0x08001fe8   0x08001fe8   0x00000020   Code   RO          757    .text.HAL_NVIC_SetPriorityGrouping  stm32f4xx_hal_cortex.o
    0x08002008   0x08002008   0x00000118   Code   RO          429    .text.HAL_RCC_ClockConfig  stm32f4xx_hal_rcc.o
    0x08002120   0x08002120   0x00000014   Code   RO          441    .text.HAL_RCC_GetPCLK1Freq  stm32f4xx_hal_rcc.o
    0x08002134   0x08002134   0x00000020   Code   RO          443    .text.HAL_RCC_GetPCLK2Freq  stm32f4xx_hal_rcc.o
    0x08002154   0x08002154   0x00000068   Code   RO          483    .text.HAL_RCC_GetSysClockFreq  stm32f4xx_hal_rcc_ex.o
    0x080021bc   0x080021bc   0x00000350   Code   RO          487    .text.HAL_RCC_OscConfig  stm32f4xx_hal_rcc_ex.o
    0x0800250c   0x0800250c   0x00000028   Code   RO          769    .text.HAL_SYSTICK_Config  stm32f4xx_hal_cortex.o
    0x08002534   0x08002534   0x00000084   Code   RO         1668    .text.HAL_TIMEx_MasterConfigSynchronization  stm32f4xx_hal_tim_ex.o
    0x080025b8   0x080025b8   0x00000024   Code   RO         1235    .text.HAL_TIM_Base_Init  stm32f4xx_hal_tim.o
    0x080025dc   0x080025dc   0x0000002c   Code   RO          207    .text.HAL_TIM_Base_MspInit  tim.o
    0x08002608   0x08002608   0x000000ce   Code   RO         1423    .text.HAL_TIM_ConfigClockSource  stm32f4xx_hal_tim.o
    0x080026d6   0x080026d6   0x00000096   Code   RO         1349    .text.HAL_TIM_Encoder_Init  stm32f4xx_hal_tim.o
    0x0800276c   0x0800276c   0x000000a8   Code   RO          205    .text.HAL_TIM_Encoder_MspInit  tim.o
    0x08002814   0x08002814   0x0000005a   Code   RO         1357    .text.HAL_TIM_Encoder_Start  stm32f4xx_hal_tim.o
    0x0800286e   0x0800286e   0x00000002   PAD
    0x08002870   0x08002870   0x00000080   Code   RO          201    .text.HAL_TIM_MspPostInit  tim.o
    0x080028f0   0x080028f0   0x00000088   Code   RO         1397    .text.HAL_TIM_PWM_ConfigChannel  stm32f4xx_hal_tim.o
    0x08002978   0x08002978   0x00000024   Code   RO         1289    .text.HAL_TIM_PWM_Init  stm32f4xx_hal_tim.o
    0x0800299c   0x0800299c   0x00000002   Code   RO         1291    .text.HAL_TIM_PWM_MspInit  stm32f4xx_hal_tim.o
    0x0800299e   0x0800299e   0x00000002   PAD
    0x080029a0   0x080029a0   0x000000b4   Code   RO         1297    .text.HAL_TIM_PWM_Start  stm32f4xx_hal_tim.o
    0x08002a54   0x08002a54   0x00000002   Code   RO         1836    .text.HAL_UARTEx_RxEventCallback  stm32f4xx_hal_uart.o
    0x08002a56   0x08002a56   0x00000002   Code   RO         1834    .text.HAL_UART_ErrorCallback  stm32f4xx_hal_uart.o
    0x08002a58   0x08002a58   0x00000248   Code   RO         1828    .text.HAL_UART_IRQHandler  stm32f4xx_hal_uart.o
    0x08002ca0   0x08002ca0   0x00000026   Code   RO         1744    .text.HAL_UART_Init  stm32f4xx_hal_uart.o
    0x08002cc6   0x08002cc6   0x00000002   PAD
    0x08002cc8   0x08002cc8   0x00000130   Code   RO          230    .text.HAL_UART_MspInit  usart.o
    0x08002df8   0x08002df8   0x0000001c   Code   RO         1780    .text.HAL_UART_Receive_DMA  stm32f4xx_hal_uart.o
    0x08002e14   0x08002e14   0x00000022   Code   RO         1768    .text.HAL_UART_Receive_IT  stm32f4xx_hal_uart.o
    0x08002e36   0x08002e36   0x00000002   PAD
    0x08002e38   0x08002e38   0x000002d0   Code   RO          127    .text.HAL_UART_RxCpltCallback  main.o
    0x08003108   0x08003108   0x00000002   Code   RO         1844    .text.HAL_UART_RxHalfCpltCallback  stm32f4xx_hal_uart.o
    0x0800310a   0x0800310a   0x000000aa   Code   RO         1760    .text.HAL_UART_Transmit  stm32f4xx_hal_uart.o
    0x080031b4   0x080031b4   0x00000034   Code   RO         1766    .text.HAL_UART_Transmit_IT  stm32f4xx_hal_uart.o
    0x080031e8   0x080031e8   0x00000014   Code   RO          249    .text.HAL_UART_TxCpltCallback  stm32f4xx_it.o
    0x080031fc   0x080031fc   0x00000002   Code   RO          257    .text.HardFault_Handler  stm32f4xx_it.o
    0x080031fe   0x080031fe   0x00000030   Code   RO         1029    .text.I2C_IsAcknowledgeFailed  stm32f4xx_hal_i2c.o
    0x0800322e   0x0800322e   0x00000002   PAD
    0x08003230   0x08003230   0x000000cc   Code   RO          957    .text.I2C_RequestMemoryRead  stm32f4xx_hal_i2c.o
    0x080032fc   0x080032fc   0x000000a8   Code   RO          953    .text.I2C_RequestMemoryWrite  stm32f4xx_hal_i2c.o
    0x080033a4   0x080033a4   0x00000048   Code   RO          921    .text.I2C_WaitOnBTFFlagUntilTimeout  stm32f4xx_hal_i2c.o
    0x080033ec   0x080033ec   0x0000005e   Code   RO          917    .text.I2C_WaitOnFlagUntilTimeout  stm32f4xx_hal_i2c.o
    0x0800344a   0x0800344a   0x00000064   Code   RO         1027    .text.I2C_WaitOnMasterAddressFlagUntilTimeout  stm32f4xx_hal_i2c.o
    0x080034ae   0x080034ae   0x0000004c   Code   RO          925    .text.I2C_WaitOnRXNEFlagUntilTimeout  stm32f4xx_hal_i2c.o
    0x080034fa   0x080034fa   0x00000048   Code   RO          919    .text.I2C_WaitOnTXEFlagUntilTimeout  stm32f4xx_hal_i2c.o
    0x08003542   0x08003542   0x00000002   PAD
    0x08003544   0x08003544   0x000000d4   Code   RO           45    .text.IMU_CalibrateGyroZ  imu.o
    0x08003618   0x08003618   0x000000c8   Code   RO           41    .text.IMU_Init      imu.o
    0x080036e0   0x080036e0   0x00000006   Code   RO           43    .text.IMU_InitYawReference  imu.o
    0x080036e6   0x080036e6   0x00000002   PAD
    0x080036e8   0x080036e8   0x000001bc   Code   RO           53    .text.IMU_PrintPhysicalValues  imu.o
    0x080038a4   0x080038a4   0x000000c4   Code   RO           51    .text.IMU_PrintRawData  imu.o
    0x08003968   0x08003968   0x000000b0   Code   RO           47    .text.IMU_ReadSensor  imu.o
    0x08003a18   0x08003a18   0x00000060   Code   RO           49    .text.IMU_UpdateYaw  imu.o
    0x08003a78   0x08003a78   0x0000005c   Code   RO          158    .text.MX_ADC1_Init  adc.o
    0x08003ad4   0x08003ad4   0x00000030   Code   RO          173    .text.MX_DMA_Init   dma.o
    0x08003b04   0x08003b04   0x00000060   Code   RO          150    .text.MX_GPIO_Init  gpio.o
    0x08003b64   0x08003b64   0x0000003c   Code   RO          182    .text.MX_I2C1_Init  i2c.o
    0x08003ba0   0x08003ba0   0x00000038   Code   RO          197    .text.MX_TIM2_Init  tim.o
    0x08003bd8   0x08003bd8   0x000000c8   Code   RO          199    .text.MX_TIM3_Init  tim.o
    0x08003ca0   0x08003ca0   0x00000038   Code   RO          203    .text.MX_TIM4_Init  tim.o
    0x08003cd8   0x08003cd8   0x00000028   Code   RO          226    .text.MX_USART3_UART_Init  usart.o
    0x08003d00   0x08003d00   0x00000028   Code   RO          228    .text.MX_USART6_UART_Init  usart.o
    0x08003d28   0x08003d28   0x00000002   Code   RO          259    .text.MemManage_Handler  stm32f4xx_it.o
    0x08003d2a   0x08003d2a   0x00000002   PAD
    0x08003d2c   0x08003d2c   0x00000050   Code   RO           23    .text.Motor_Backward  motor.o
    0x08003d7c   0x08003d7c   0x00000050   Code   RO           21    .text.Motor_Forward  motor.o
    0x08003dcc   0x08003dcc   0x00000030   Code   RO           15    .text.Motor_Init    motor.o
    0x08003dfc   0x08003dfc   0x00000038   Code   RO           11    .text.Motor_PID_Init  motor.o
    0x08003e34   0x08003e34   0x00000020   Code   RO           17    .text.Motor_Stop    motor.o
    0x08003e54   0x08003e54   0x00000020   Code   RO           25    .text.Motor_TurnLeft  motor.o
    0x08003e74   0x08003e74   0x00000030   Code   RO           27    .text.Motor_TurnRight  motor.o
    0x08003ea4   0x08003ea4   0x0000009c   Code   RO           13    .text.Motor_UpdateActualSpeed  motor.o
    0x08003f40   0x08003f40   0x00000002   Code   RO          255    .text.NMI_Handler   stm32f4xx_it.o
    0x08003f42   0x08003f42   0x00000016   Code   RO           29    .text.OUTLINED_FUNCTION_0  motor.o
    0x08003f58   0x08003f58   0x00000012   Code   RO           55    .text.OUTLINED_FUNCTION_0  imu.o
    0x08003f6a   0x08003f6a   0x0000000a   Code   RO          117    .text.OUTLINED_FUNCTION_0  encoder_speed.o
    0x08003f74   0x08003f74   0x00000026   Code   RO          213    .text.OUTLINED_FUNCTION_0  tim.o
    0x08003f9a   0x08003f9a   0x00000014   Code   RO          234    .text.OUTLINED_FUNCTION_0  usart.o
    0x08003fae   0x08003fae   0x00000014   Code   RO          279    .text.OUTLINED_FUNCTION_0  stm32f4xx_it.o
    0x08003fc2   0x08003fc2   0x0000000a   Code   RO          453    .text.OUTLINED_FUNCTION_0  stm32f4xx_hal_rcc.o
    0x08003fcc   0x08003fcc   0x0000000e   Code   RO          671    .text.OUTLINED_FUNCTION_0  stm32f4xx_hal_dma.o
    0x08003fda   0x08003fda   0x00000026   Code   RO         1467    .text.OUTLINED_FUNCTION_0  stm32f4xx_hal_tim.o
    0x08004000   0x08004000   0x00000014   Code   RO         1864    .text.OUTLINED_FUNCTION_0  stm32f4xx_hal_uart.o
    0x08004014   0x08004014   0x00000008   Code   RO           57    .text.OUTLINED_FUNCTION_1  imu.o
    0x0800401c   0x0800401c   0x00000010   Code   RO          236    .text.OUTLINED_FUNCTION_1  usart.o
    0x0800402c   0x0800402c   0x00000006   Code   RO          493    .text.OUTLINED_FUNCTION_1  stm32f4xx_hal_rcc_ex.o
    0x08004032   0x08004032   0x00000008   Code   RO          673    .text.OUTLINED_FUNCTION_1  stm32f4xx_hal_dma.o
    0x0800403a   0x0800403a   0x00000016   Code   RO         1033    .text.OUTLINED_FUNCTION_1  stm32f4xx_hal_i2c.o
    0x08004050   0x08004050   0x00000016   Code   RO         1866    .text.OUTLINED_FUNCTION_1  stm32f4xx_hal_uart.o
    0x08004066   0x08004066   0x0000000e   Code   RO         1884    .text.OUTLINED_FUNCTION_10  stm32f4xx_hal_uart.o
    0x08004074   0x08004074   0x00000016   Code   RO         1489    .text.OUTLINED_FUNCTION_11  stm32f4xx_hal_tim.o
    0x0800408a   0x0800408a   0x0000000c   Code   RO         1055    .text.OUTLINED_FUNCTION_12  stm32f4xx_hal_i2c.o
    0x08004096   0x08004096   0x00000008   Code   RO         1888    .text.OUTLINED_FUNCTION_12  stm32f4xx_hal_uart.o
    0x0800409e   0x0800409e   0x00000014   Code   RO         1892    .text.OUTLINED_FUNCTION_14  stm32f4xx_hal_uart.o
    0x080040b2   0x080040b2   0x0000000a   Code   RO         1497    .text.OUTLINED_FUNCTION_15  stm32f4xx_hal_tim.o
    0x080040bc   0x080040bc   0x00000014   Code   RO         1894    .text.OUTLINED_FUNCTION_15  stm32f4xx_hal_uart.o
    0x080040d0   0x080040d0   0x0000002a   Code   RO         1063    .text.OUTLINED_FUNCTION_16  stm32f4xx_hal_i2c.o
    0x080040fa   0x080040fa   0x0000000a   Code   RO         1065    .text.OUTLINED_FUNCTION_17  stm32f4xx_hal_i2c.o
    0x08004104   0x08004104   0x0000000a   Code   RO         1501    .text.OUTLINED_FUNCTION_17  stm32f4xx_hal_tim.o
    0x0800410e   0x0800410e   0x00000008   Code   RO         1898    .text.OUTLINED_FUNCTION_17  stm32f4xx_hal_uart.o
    0x08004116   0x08004116   0x00000008   Code   RO         1067    .text.OUTLINED_FUNCTION_18  stm32f4xx_hal_i2c.o
    0x0800411e   0x0800411e   0x0000000a   Code   RO         1069    .text.OUTLINED_FUNCTION_19  stm32f4xx_hal_i2c.o
    0x08004128   0x08004128   0x0000000a   Code   RO         1902    .text.OUTLINED_FUNCTION_19  stm32f4xx_hal_uart.o
    0x08004132   0x08004132   0x00000008   Code   RO           59    .text.OUTLINED_FUNCTION_2  imu.o
    0x0800413a   0x0800413a   0x00000012   Code   RO          495    .text.OUTLINED_FUNCTION_2  stm32f4xx_hal_rcc_ex.o
    0x0800414c   0x0800414c   0x0000000a   Code   RO          675    .text.OUTLINED_FUNCTION_2  stm32f4xx_hal_dma.o
    0x08004156   0x08004156   0x00000010   Code   RO         1035    .text.OUTLINED_FUNCTION_2  stm32f4xx_hal_i2c.o
    0x08004166   0x08004166   0x0000000e   Code   RO         1471    .text.OUTLINED_FUNCTION_2  stm32f4xx_hal_tim.o
    0x08004174   0x08004174   0x0000001a   Code   RO         1868    .text.OUTLINED_FUNCTION_2  stm32f4xx_hal_uart.o
    0x0800418e   0x0800418e   0x0000000a   Code   RO         1507    .text.OUTLINED_FUNCTION_20  stm32f4xx_hal_tim.o
    0x08004198   0x08004198   0x00000006   Code   RO         1904    .text.OUTLINED_FUNCTION_20  stm32f4xx_hal_uart.o
    0x0800419e   0x0800419e   0x00000010   Code   RO         1509    .text.OUTLINED_FUNCTION_21  stm32f4xx_hal_tim.o
    0x080041ae   0x080041ae   0x00000008   Code   RO         1908    .text.OUTLINED_FUNCTION_22  stm32f4xx_hal_uart.o
    0x080041b6   0x080041b6   0x00000008   Code   RO         1517    .text.OUTLINED_FUNCTION_25  stm32f4xx_hal_tim.o
    0x080041be   0x080041be   0x0000000c   Code   RO         1083    .text.OUTLINED_FUNCTION_26  stm32f4xx_hal_i2c.o
    0x080041ca   0x080041ca   0x0000000a   Code   RO         1519    .text.OUTLINED_FUNCTION_26  stm32f4xx_hal_tim.o
    0x080041d4   0x080041d4   0x0000000a   Code   RO         1521    .text.OUTLINED_FUNCTION_27  stm32f4xx_hal_tim.o
    0x080041de   0x080041de   0x00000008   Code   RO           61    .text.OUTLINED_FUNCTION_3  imu.o
    0x080041e6   0x080041e6   0x00000008   Code   RO          497    .text.OUTLINED_FUNCTION_3  stm32f4xx_hal_rcc_ex.o
    0x080041ee   0x080041ee   0x0000000a   Code   RO          677    .text.OUTLINED_FUNCTION_3  stm32f4xx_hal_dma.o
    0x080041f8   0x080041f8   0x00000010   Code   RO         1037    .text.OUTLINED_FUNCTION_3  stm32f4xx_hal_i2c.o
    0x08004208   0x08004208   0x00000014   Code   RO         1870    .text.OUTLINED_FUNCTION_3  stm32f4xx_hal_uart.o
    0x0800421c   0x0800421c   0x0000000a   Code   RO         1093    .text.OUTLINED_FUNCTION_31  stm32f4xx_hal_i2c.o
    0x08004226   0x08004226   0x00000018   Code   RO         1533    .text.OUTLINED_FUNCTION_33  stm32f4xx_hal_tim.o
    0x0800423e   0x0800423e   0x0000000a   Code   RO         1101    .text.OUTLINED_FUNCTION_35  stm32f4xx_hal_i2c.o
    0x08004248   0x08004248   0x00000016   Code   RO         1103    .text.OUTLINED_FUNCTION_36  stm32f4xx_hal_i2c.o
    0x0800425e   0x0800425e   0x0000000a   Code   RO         1539    .text.OUTLINED_FUNCTION_36  stm32f4xx_hal_tim.o
    0x08004268   0x08004268   0x0000000a   Code   RO         1105    .text.OUTLINED_FUNCTION_37  stm32f4xx_hal_i2c.o
    0x08004272   0x08004272   0x00000006   Code   RO         1541    .text.OUTLINED_FUNCTION_37  stm32f4xx_hal_tim.o
    0x08004278   0x08004278   0x00000008   Code   RO         1107    .text.OUTLINED_FUNCTION_38  stm32f4xx_hal_i2c.o
    0x08004280   0x08004280   0x00000016   Code   RO         1109    .text.OUTLINED_FUNCTION_39  stm32f4xx_hal_i2c.o
    0x08004296   0x08004296   0x0000000a   Code   RO           63    .text.OUTLINED_FUNCTION_4  imu.o
    0x080042a0   0x080042a0   0x00000010   Code   RO          499    .text.OUTLINED_FUNCTION_4  stm32f4xx_hal_rcc_ex.o
    0x080042b0   0x080042b0   0x0000001a   Code   RO         1039    .text.OUTLINED_FUNCTION_4  stm32f4xx_hal_i2c.o
    0x080042ca   0x080042ca   0x0000000e   Code   RO         1475    .text.OUTLINED_FUNCTION_4  stm32f4xx_hal_tim.o
    0x080042d8   0x080042d8   0x0000000c   Code   RO         1553    .text.OUTLINED_FUNCTION_43  stm32f4xx_hal_tim.o
    0x080042e4   0x080042e4   0x0000000a   Code   RO         1555    .text.OUTLINED_FUNCTION_44  stm32f4xx_hal_tim.o
    0x080042ee   0x080042ee   0x00000008   Code   RO         1121    .text.OUTLINED_FUNCTION_45  stm32f4xx_hal_i2c.o
    0x080042f6   0x080042f6   0x0000000a   Code   RO         1557    .text.OUTLINED_FUNCTION_45  stm32f4xx_hal_tim.o
    0x08004300   0x08004300   0x00000008   Code   RO         1123    .text.OUTLINED_FUNCTION_46  stm32f4xx_hal_i2c.o
    0x08004308   0x08004308   0x00000014   Code   RO         1125    .text.OUTLINED_FUNCTION_47  stm32f4xx_hal_i2c.o
    0x0800431c   0x0800431c   0x00000008   Code   RO         1561    .text.OUTLINED_FUNCTION_47  stm32f4xx_hal_tim.o
    0x08004324   0x08004324   0x00000014   Code   RO         1129    .text.OUTLINED_FUNCTION_49  stm32f4xx_hal_i2c.o
    0x08004338   0x08004338   0x00000008   Code   RO          501    .text.OUTLINED_FUNCTION_5  stm32f4xx_hal_rcc_ex.o
    0x08004340   0x08004340   0x00000012   Code   RO         1041    .text.OUTLINED_FUNCTION_5  stm32f4xx_hal_i2c.o
    0x08004352   0x08004352   0x00000014   Code   RO         1874    .text.OUTLINED_FUNCTION_5  stm32f4xx_hal_uart.o
    0x08004366   0x08004366   0x00000008   Code   RO         1567    .text.OUTLINED_FUNCTION_50  stm32f4xx_hal_tim.o
    0x0800436e   0x0800436e   0x00000008   Code   RO         1133    .text.OUTLINED_FUNCTION_51  stm32f4xx_hal_i2c.o
    0x08004376   0x08004376   0x00000010   Code   RO         1569    .text.OUTLINED_FUNCTION_51  stm32f4xx_hal_tim.o
    0x08004386   0x08004386   0x0000000a   Code   RO         1137    .text.OUTLINED_FUNCTION_53  stm32f4xx_hal_i2c.o
    0x08004390   0x08004390   0x00000006   Code   RO         1141    .text.OUTLINED_FUNCTION_55  stm32f4xx_hal_i2c.o
    0x08004396   0x08004396   0x0000000c   Code   RO         1143    .text.OUTLINED_FUNCTION_56  stm32f4xx_hal_i2c.o
    0x080043a2   0x080043a2   0x0000000a   Code   RO         1579    .text.OUTLINED_FUNCTION_56  stm32f4xx_hal_tim.o
    0x080043ac   0x080043ac   0x0000000e   Code   RO         1581    .text.OUTLINED_FUNCTION_57  stm32f4xx_hal_tim.o
    0x080043ba   0x080043ba   0x0000000a   Code   RO         1149    .text.OUTLINED_FUNCTION_59  stm32f4xx_hal_i2c.o
    0x080043c4   0x080043c4   0x0000000a   Code   RO          503    .text.OUTLINED_FUNCTION_6  stm32f4xx_hal_rcc_ex.o
    0x080043ce   0x080043ce   0x0000000e   Code   RO         1043    .text.OUTLINED_FUNCTION_6  stm32f4xx_hal_i2c.o
    0x080043dc   0x080043dc   0x0000000e   Code   RO         1479    .text.OUTLINED_FUNCTION_6  stm32f4xx_hal_tim.o
    0x080043ea   0x080043ea   0x0000000a   Code   RO         1876    .text.OUTLINED_FUNCTION_6  stm32f4xx_hal_uart.o
    0x080043f4   0x080043f4   0x0000000a   Code   RO         1151    .text.OUTLINED_FUNCTION_60  stm32f4xx_hal_i2c.o
    0x080043fe   0x080043fe   0x0000000a   Code   RO         1587    .text.OUTLINED_FUNCTION_60  stm32f4xx_hal_tim.o
    0x08004408   0x08004408   0x00000012   Code   RO         1163    .text.OUTLINED_FUNCTION_66  stm32f4xx_hal_i2c.o
    0x0800441a   0x0800441a   0x0000000a   Code   RO         1165    .text.OUTLINED_FUNCTION_67  stm32f4xx_hal_i2c.o
    0x08004424   0x08004424   0x00000008   Code   RO         1167    .text.OUTLINED_FUNCTION_68  stm32f4xx_hal_i2c.o
    0x0800442c   0x0800442c   0x0000000c   Code   RO         1878    .text.OUTLINED_FUNCTION_7  stm32f4xx_hal_uart.o
    0x08004438   0x08004438   0x0000000c   Code   RO         1171    .text.OUTLINED_FUNCTION_70  stm32f4xx_hal_i2c.o
    0x08004444   0x08004444   0x00000006   Code   RO         1185    .text.OUTLINED_FUNCTION_77  stm32f4xx_hal_i2c.o
    0x0800444a   0x0800444a   0x0000000a   Code   RO         1880    .text.OUTLINED_FUNCTION_8  stm32f4xx_hal_uart.o
    0x08004454   0x08004454   0x0000000a   Code   RO         1197    .text.OUTLINED_FUNCTION_83  stm32f4xx_hal_i2c.o
    0x0800445e   0x0800445e   0x00000006   Code   RO         1201    .text.OUTLINED_FUNCTION_85  stm32f4xx_hal_i2c.o
    0x08004464   0x08004464   0x00000008   Code   RO         1209    .text.OUTLINED_FUNCTION_89  stm32f4xx_hal_i2c.o
    0x0800446c   0x0800446c   0x0000000e   Code   RO         1049    .text.OUTLINED_FUNCTION_9  stm32f4xx_hal_i2c.o
    0x0800447a   0x0800447a   0x00000002   PAD
    0x0800447c   0x0800447c   0x000000a8   Code   RO          302    .text.PID_Update    pid.o
    0x08004524   0x08004524   0x00000138   Code   RO          253    .text.ParseData     stm32f4xx_it.o
    0x0800465c   0x0800465c   0x000000d8   Code   RO          251    .text.Parseradar    stm32f4xx_it.o
    0x08004734   0x08004734   0x00000002   Code   RO          269    .text.PendSV_Handler  stm32f4xx_it.o
    0x08004736   0x08004736   0x00000002   Code   RO          265    .text.SVC_Handler   stm32f4xx_it.o
    0x08004738   0x08004738   0x00000004   Code   RO          271    .text.SysTick_Handler  stm32f4xx_it.o
    0x0800473c   0x0800473c   0x0000009c   Code   RO          131    .text.SystemClock_Config  main.o
    0x080047d8   0x080047d8   0x00000010   Code   RO         1918    .text.SystemInit    system_stm32f4xx.o
    0x080047e8   0x080047e8   0x000000dc   Code   RO         1239    .text.TIM_Base_SetConfig  stm32f4xx_hal_tim.o
    0x080048c4   0x080048c4   0x0000001e   Code   RO         1273    .text.TIM_CCxChannelCmd  stm32f4xx_hal_tim.o
    0x080048e2   0x080048e2   0x00000002   PAD
    0x080048e4   0x080048e4   0x00000060   Code   RO         1383    .text.TIM_OC1_SetConfig  stm32f4xx_hal_tim.o
    0x08004944   0x08004944   0x00000060   Code   RO         1385    .text.TIM_OC2_SetConfig  stm32f4xx_hal_tim.o
    0x080049a4   0x080049a4   0x00000060   Code   RO         1387    .text.TIM_OC3_SetConfig  stm32f4xx_hal_tim.o
    0x08004a04   0x08004a04   0x0000004c   Code   RO         1389    .text.TIM_OC4_SetConfig  stm32f4xx_hal_tim.o
    0x08004a50   0x08004a50   0x00000022   Code   RO         1425    .text.TIM_TI1_ConfigInputStage  stm32f4xx_hal_tim.o
    0x08004a72   0x08004a72   0x00000024   Code   RO         1427    .text.TIM_TI2_ConfigInputStage  stm32f4xx_hal_tim.o
    0x08004a96   0x08004a96   0x0000000a   Code   RO         1832    .text.UART_DMAAbortOnError  stm32f4xx_hal_uart.o
    0x08004aa0   0x08004aa0   0x0000004c   Code   RO         1778    .text.UART_DMAError  stm32f4xx_hal_uart.o
    0x08004aec   0x08004aec   0x00000072   Code   RO         1860    .text.UART_DMAReceiveCplt  stm32f4xx_hal_uart.o
    0x08004b5e   0x08004b5e   0x00000018   Code   RO         1862    .text.UART_DMARxHalfCplt  stm32f4xx_hal_uart.o
    0x08004b76   0x08004b76   0x00000042   Code   RO         1792    .text.UART_EndRxTransfer  stm32f4xx_hal_uart.o
    0x08004bb8   0x08004bb8   0x0000001c   Code   RO         1790    .text.UART_EndTxTransfer  stm32f4xx_hal_uart.o
    0x08004bd4   0x08004bd4   0x000000ba   Code   RO         1830    .text.UART_Receive_IT  stm32f4xx_hal_uart.o
    0x08004c8e   0x08004c8e   0x00000002   PAD
    0x08004c90   0x08004c90   0x000000c4   Code   RO         1748    .text.UART_SetConfig  stm32f4xx_hal_uart.o
    0x08004d54   0x08004d54   0x00000090   Code   RO         1782    .text.UART_Start_Receive_DMA  stm32f4xx_hal_uart.o
    0x08004de4   0x08004de4   0x00000032   Code   RO         1770    .text.UART_Start_Receive_IT  stm32f4xx_hal_uart.o
    0x08004e16   0x08004e16   0x00000068   Code   RO         1762    .text.UART_WaitOnFlagUntilTimeout  stm32f4xx_hal_uart.o
    0x08004e7e   0x08004e7e   0x00000002   PAD
    0x08004e80   0x08004e80   0x00000008   Code   RO          273    .text.USART3_IRQHandler  stm32f4xx_it.o
    0x08004e88   0x08004e88   0x00000098   Code   RO          277    .text.USART6_IRQHandler  stm32f4xx_it.o
    0x08004f20   0x08004f20   0x00000002   Code   RO          263    .text.UsageFault_Handler  stm32f4xx_it.o
    0x08004f22   0x08004f22   0x00000006   PAD
    0x08004f28   0x08004f28   0x0000028c   Code   RO          129    .text.main          main.o
    0x080051b4   0x080051b4   0x0000003e   Code   RO         2138    CL$$btod_d2e        c_w.l(btod.o)
    0x080051f2   0x080051f2   0x00000046   Code   RO         2140    CL$$btod_d2e_denorm_low  c_w.l(btod.o)
    0x08005238   0x08005238   0x00000060   Code   RO         2139    CL$$btod_d2e_norm_op1  c_w.l(btod.o)
    0x08005298   0x08005298   0x00000338   Code   RO         2148    CL$$btod_div_common  c_w.l(btod.o)
    0x080055d0   0x080055d0   0x000000dc   Code   RO         2145    CL$$btod_e2e        c_w.l(btod.o)
    0x080056ac   0x080056ac   0x0000002a   Code   RO         2142    CL$$btod_ediv       c_w.l(btod.o)
    0x080056d6   0x080056d6   0x0000002a   Code   RO         2141    CL$$btod_emul       c_w.l(btod.o)
    0x08005700   0x08005700   0x00000244   Code   RO         2147    CL$$btod_mult_common  c_w.l(btod.o)
    0x08005944   0x08005944   0x00000030   Code   RO         2177    i.__ARM_fpclassify  m_wm.l(fpclassify.o)
    0x08005974   0x08005974   0x00000004   PAD
    0x08005978   0x08005978   0x000000c8   Code   RO         2030    i.__hardfp_cos      m_wm.l(cos.o)
    0x08005a40   0x08005a40   0x000000c8   Code   RO         2036    i.__hardfp_sin      m_wm.l(sin.o)
    0x08005b08   0x08005b08   0x00000438   Code   RO         2094    i.__ieee754_rem_pio2  m_wm.l(rred.o)
    0x08005f40   0x08005f40   0x00000170   Code   RO         2077    i.__kernel_cos      m_wm.l(cos_i.o)
    0x080060b0   0x080060b0   0x000000f8   Code   RO         2179    i.__kernel_poly     m_wm.l(poly.o)
    0x080061a8   0x080061a8   0x00000130   Code   RO         2099    i.__kernel_sin      m_wm.l(sin_i.o)
    0x080062d8   0x080062d8   0x00000014   Code   RO         2081    i.__mathlib_dbl_infnan  m_wm.l(dunder.o)
    0x080062ec   0x080062ec   0x00000004   PAD
    0x080062f0   0x080062f0   0x00000020   Code   RO         2083    i.__mathlib_dbl_invalid  m_wm.l(dunder.o)
    0x08006310   0x08006310   0x00000020   Code   RO         2086    i.__mathlib_dbl_underflow  m_wm.l(dunder.o)
    0x08006330   0x08006330   0x0000000e   Code   RO         1979    i._is_digit         c_w.l(__printf_wp.o)
    0x0800633e   0x0800633e   0x00000018   Code   RO         2173    i.fabs              m_wm.l(fabs.o)
    0x08006356   0x08006356   0x00000002   PAD
    0x08006358   0x08006358   0x0000002c   Code   RO         2163    locale$$code        c_w.l(lc_numeric_c.o)
    0x08006384   0x08006384   0x00000018   Code   RO         2066    x$fpl$basic         fz_wm.l(basic.o)
    0x0800639c   0x0800639c   0x00000062   Code   RO         2006    x$fpl$d2f           fz_wm.l(d2f.o)
    0x080063fe   0x080063fe   0x00000002   PAD
    0x08006400   0x08006400   0x00000150   Code   RO         2008    x$fpl$dadd          fz_wm.l(daddsub_clz.o)
    0x08006550   0x08006550   0x000002b8   Code   RO         2015    x$fpl$ddiv          fz_wm.l(ddiv.o)
    0x08006808   0x08006808   0x0000005e   Code   RO         2165    x$fpl$dfix          fz_wm.l(dfix.o)
    0x08006866   0x08006866   0x0000002e   Code   RO         2019    x$fpl$dflt          fz_wm.l(dflt_clz.o)
    0x08006894   0x08006894   0x00000026   Code   RO         2018    x$fpl$dfltu         fz_wm.l(dflt_clz.o)
    0x080068ba   0x080068ba   0x00000002   PAD
    0x080068bc   0x080068bc   0x00000154   Code   RO         2024    x$fpl$dmul          fz_wm.l(dmul.o)
    0x08006a10   0x08006a10   0x0000009c   Code   RO         2068    x$fpl$dnaninf       fz_wm.l(dnaninf.o)
    0x08006aac   0x08006aac   0x0000000c   Code   RO         2070    x$fpl$dretinf       fz_wm.l(dretinf.o)
    0x08006ab8   0x08006ab8   0x00000016   Code   RO         2009    x$fpl$drsb          fz_wm.l(daddsub_clz.o)
    0x08006ace   0x08006ace   0x00000002   PAD
    0x08006ad0   0x08006ad0   0x000001dc   Code   RO         2010    x$fpl$dsub          fz_wm.l(daddsub_clz.o)
    0x08006cac   0x08006cac   0x00000056   Code   RO         2026    x$fpl$f2d           fz_wm.l(f2d.o)
    0x08006d02   0x08006d02   0x0000008c   Code   RO         2072    x$fpl$fnaninf       fz_wm.l(fnaninf.o)
    0x08006d8e   0x08006d8e   0x0000001a   Code   RO         2261    x$fpl$fpinit        fz_wm.l(fpinit.o)
    0x08006da8   0x08006da8   0x0000000a   Code   RO         2074    x$fpl$fretinf       fz_wm.l(fretinf.o)
    0x08006db2   0x08006db2   0x00000004   Code   RO         2028    x$fpl$printf1       fz_wm.l(printf1.o)
    0x08006db6   0x08006db6   0x00000000   Code   RO         2076    x$fpl$usenofp       fz_wm.l(usenofp.o)
    0x08006db6   0x08006db6   0x00000028   Data   RO         1952    .constdata          c_w.l(_printf_hex_int.o)
    0x08006dde   0x08006dde   0x00000011   Data   RO         1982    .constdata          c_w.l(__printf_flags_wp.o)
    0x08006def   0x08006def   0x00000001   PAD
    0x08006df0   0x08006df0   0x00000030   Data   RO         2078    .constdata          m_wm.l(cos_i.o)
    0x08006e20   0x08006e20   0x000000cc   Data   RO         2096    .constdata          m_wm.l(rred.o)
    0x08006eec   0x08006eec   0x00000004   PAD
    0x08006ef0   0x08006ef0   0x00000028   Data   RO         2100    .constdata          m_wm.l(sin_i.o)
    0x08006f18   0x08006f18   0x00000094   Data   RO         2136    .constdata          c_w.l(bigflt0.o)
    0x08006fac   0x08006fac   0x00000010   Data   RO         1923    .rodata.AHBPrescTable  system_stm32f4xx.o
    0x08006fbc   0x08006fbc   0x00000008   Data   RO         1924    .rodata.APBPrescTable  system_stm32f4xx.o
    0x08006fc4   0x08006fc4   0x00000056   Data   RO          136    .rodata.str1.1      main.o
    0x0800701a   0x0800701a   0x00000002   PAD
    0x0800701c   0x0800701c   0x00000020   Data   RO         2337    Region$$Table       anon$$obj.o
    0x0800703c   0x0800703c   0x0000001c   Data   RO         2162    locale$$data        c_w.l(lc_numeric_c.o)


    Execution Region RW_IRAM1 (Exec base: 0x20000000, Load base: 0x08007058, Size: 0x00000c58, Max: 0x00020000, ABSOLUTE)

    Exec Addr    Load Addr    Size         Type   Attr      Idx    E Section Name        Object

    0x20000000   0x08007058   0x00000054   Data   RW          140    .data..L_MergedGlobals  main.o
    0x20000054   0x080070ac   0x00000025   Data   RW          284    .data..L_MergedGlobals  stm32f4xx_it.o
    0x20000079   0x080070d1   0x00000003   PAD
    0x2000007c   0x080070d4   0x00000008   Data   RW          872    .data..L_MergedGlobals  stm32f4xx_hal.o
    0x20000084   0x080070dc   0x00000004   Data   RW         1922    .data.SystemCoreClock  system_stm32f4xx.o
    0x20000088   0x080070e0   0x0000000a   Data   RW          135    .data.flag          main.o
    0x20000092   0x080070ea   0x00000002   PAD
    0x20000094   0x080070ec   0x00000004   Data   RW           31    .data.motor_is_stop  motor.o
    0x20000098        -       0x00000060   Zero   RW         2182    .bss                c_w.l(libspace.o)
    0x200000f8        -       0x00000058   Zero   RW           32    .bss..L_MergedGlobals  motor.o
    0x20000150        -       0x00000010   Zero   RW           98    .bss..L_MergedGlobals  encoder.o
    0x20000160        -       0x0000004c   Zero   RW          285    .bss..L_MergedGlobals.3  stm32f4xx_it.o
    0x200001ac   0x080070f0   0x00000004   PAD
    0x200001b0        -       0x00000074   Zero   RW          141    .bss..L_MergedGlobals.7  main.o
    0x20000224        -       0x00000080   Zero   RW          138    .bss.encoder_info   main.o
    0x200002a4        -       0x00000048   Zero   RW          164    .bss.hadc1          adc.o
    0x200002ec        -       0x00000060   Zero   RW          240    .bss.hdma_usart6_rx  usart.o
    0x2000034c        -       0x00000054   Zero   RW          188    .bss.hi2c1          i2c.o
    0x200003a0        -       0x00000048   Zero   RW          215    .bss.htim2          tim.o
    0x200003e8        -       0x00000048   Zero   RW          216    .bss.htim3          tim.o
    0x20000430        -       0x00000048   Zero   RW          217    .bss.htim4          tim.o
    0x20000478        -       0x00000048   Zero   RW          238    .bss.huart3         usart.o
    0x200004c0        -       0x00000048   Zero   RW          239    .bss.huart6         usart.o
    0x20000508        -       0x00000004   Zero   RW          283    .bss.infolen        stm32f4xx_it.o
    0x2000050c        -       0x00000100   Zero   RW          282    .bss.rdinfobuf      stm32f4xx_it.o
    0x2000060c        -       0x00000040   Zero   RW          137    .bss.rx6buf         main.o
    0x2000064c        -       0x00000001   Zero   RW          281    .bss.uart3_busy     stm32f4xx_it.o
    0x2000064d   0x080070f0   0x00000003   PAD
    0x20000650        -       0x00000004   Zero   RW          871    .bss.uwTick         stm32f4xx_hal.o
    0x20000654   0x080070f0   0x00000004   PAD
    0x20000658        -       0x00000200   Zero   RW            2    HEAP                startup_stm32f446xx.o
    0x20000858        -       0x00000400   Zero   RW            1    STACK               startup_stm32f446xx.o


==============================================================================

Image component sizes


      Code (inc. data)   RO Data    RW Data    ZI Data      Debug   Object Name

       192         20          0          0         72       5230   adc.o
        48          0          0          0          0       3657   dma.o
       224         16          0          0         16       3240   encoder.o
       146         12          0          0          0       2629   encoder_speed.o
        96          4          0          0          0       1586   gpio.o
       168         20          0          0         84       5389   i2c.o
      1382        392          0          0          0       4711   imu.o
      1532        190         86         94        308       8960   main.o
       554         44          0          4         88       4336   motor.o
       168          8          0          0          0        831   pid.o
        64         26        452          0       1536        860   startup_stm32f446xx.o
       176         16          0          8          4       7669   stm32f4xx_hal.o
       604         24          0          0          0      11847   stm32f4xx_hal_adc.o
       180         24          0          0          0      10768   stm32f4xx_hal_cortex.o
       978         20          0          0          0       9270   stm32f4xx_hal_dma.o
       408         24          0          0          0       5344   stm32f4xx_hal_gpio.o
      2142         32          0          0          0      43159   stm32f4xx_hal_i2c.o
        56          4          0          0          0       1560   stm32f4xx_hal_msp.o
       342         24          0          0          0       7882   stm32f4xx_hal_rcc.o
      1018         28          0          0          0      11161   stm32f4xx_hal_rcc_ex.o
      1834         76          0          0          0      47824   stm32f4xx_hal_tim.o
       132         20          0          0          0      20086   stm32f4xx_hal_tim_ex.o
      2144         24          0          0          0      25747   stm32f4xx_hal_uart.o
       760        116          0         37        337       6643   stm32f4xx_it.o
        16          4         24          4          0       2672   system_stm32f4xx.o
       690         36          0          0        216       8186   tim.o
       420         36          0          0        240       7760   usart.o

    ----------------------------------------------------------------------
     16506       1240        596        152       2912     269007   Object Totals
         0          0         32          0          0          0   (incl. Generated)
        32          0          2          5         11          0   (incl. Padding)

    ----------------------------------------------------------------------

      Code (inc. data)   RO Data    RW Data    ZI Data      Debug   Library Member Name

        44          6          0          0          0         84   __2sprintf.o
         8          0          0          0          0         68   __main.o
       312          4         17          0          0         92   __printf_flags_wp.o
        14          0          0          0          0         68   __printf_wp.o
         0          0          0          0          0          0   __rtentry.o
        12          0          0          0          0          0   __rtentry2.o
         6          0          0          0          0          0   __rtentry4.o
        94          8          0          0          0          0   __scatter.o
        26          0          0          0          0          0   __scatter_copy.o
        28          0          0          0          0          0   __scatter_zi.o
        44          0          0          0          0        108   _printf_char.o
        48          6          0          0          0         96   _printf_char_common.o
         6          0          0          0          0          0   _printf_d.o
       120         16          0          0          0         92   _printf_dec.o
         6          0          0          0          0          0   _printf_f.o
      1052          0          0          0          0        148   _printf_fp_dec.o
       128         16          0          0          0         84   _printf_fp_infnan.o
        88          4         40          0          0         88   _printf_hex_int.o
       178          0          0          0          0         88   _printf_intcommon.o
        78          0          0          0          0        108   _printf_pad.o
         0          0          0          0          0          0   _printf_percent.o
         4          0          0          0          0          0   _printf_percent_end.o
         6          0          0          0          0          0   _printf_s.o
        82          0          0          0          0         80   _printf_str.o
         6          0          0          0          0          0   _printf_x.o
        22          0          0          0          0        100   _rserrno.o
        10          0          0          0          0         68   _sputc.o
       228          4        148          0          0         96   bigflt0.o
      1936        128          0          0          0        668   btod.o
        18          0          0          0          0         80   exit.o
         6          0          0          0          0        152   heapauxi.o
         0          0          0          0          0          0   indicate_semi.o
        44         10         28          0          0         76   lc_numeric_c.o
         2          0          0          0          0          0   libinit.o
        22          0          0          0          0          0   libinit2.o
         2          0          0          0          0          0   libshutdown.o
         2          0          0          0          0          0   libshutdown2.o
         8          4          0          0         96         68   libspace.o
       138          0          0          0          0         80   lludiv10.o
       240          0          0          0          0        100   lludivv7m.o
         8          4          0          0          0         68   rt_errno_addr_intlibspace.o
         8          4          0          0          0         68   rt_locale_intlibspace.o
        78          0          0          0          0         80   rt_memclr_w.o
       138          0          0          0          0         68   rt_memcpy_v6.o
       100          0          0          0          0         80   rt_memcpy_w.o
       132          0          0          0          0         68   rt_memmove_v6.o
       122          0          0          0          0         80   rt_memmove_w.o
         2          0          0          0          0          0   rtexit.o
        10          0          0          0          0          0   rtexit2.o
       124          0          0          0          0         88   strcmpv7em.o
        62          0          0          0          0         76   strlen.o
        12          4          0          0          0         68   sys_exit.o
        74          0          0          0          0         80   sys_stackheap_outer.o
         2          0          0          0          0         68   use_no_semi.o
        24          0          0          0          0        164   basic.o
        98          4          0          0          0        140   d2f.o
       834         16          0          0          0        516   daddsub_clz.o
       696        140          0          0          0        264   ddiv.o
        94          4          0          0          0        140   dfix.o
        84          0          0          0          0        232   dflt_clz.o
       340         12          0          0          0        152   dmul.o
       156          4          0          0          0        140   dnaninf.o
        12          0          0          0          0        116   dretinf.o
        86          4          0          0          0        132   f2d.o
       140          4          0          0          0        132   fnaninf.o
        26          0          0          0          0        116   fpinit.o
        10          0          0          0          0        116   fretinf.o
         4          0          0          0          0        116   printf1.o
         0          0          0          0          0          0   usenofp.o
       200         20          0          0          0        164   cos.o
       368         46         48          0          0        200   cos_i.o
        84         16          0          0          0        372   dunder.o
        24          0          0          0          0        124   fabs.o
        48          0          0          0          0        124   fpclassify.o
       248          0          0          0          0        152   poly.o
      1080        142        204          0          0        188   rred.o
       200         20          0          0          0        164   sin.o
       304         24         40          0          0        208   sin_i.o

    ----------------------------------------------------------------------
     11128        674        530          0         96       7756   Library Totals
        28          0          5          0          0          0   (incl. Padding)

    ----------------------------------------------------------------------

      Code (inc. data)   RO Data    RW Data    ZI Data      Debug   Library Name

      5940        218        233          0         96       3584   c_w.l
      2604        188          0          0          0       2476   fz_wm.l
      2556        268        292          0          0       1696   m_wm.l

    ----------------------------------------------------------------------
     11128        674        530          0         96       7756   Library Totals

    ----------------------------------------------------------------------

==============================================================================


      Code (inc. data)   RO Data    RW Data    ZI Data      Debug   

     27634       1914       1126        152       3008     271755   Grand Totals
     27634       1914       1126        152       3008     271755   ELF Image Totals
     27634       1914       1126        152          0          0   ROM Totals

==============================================================================

    Total RO  Size (Code + RO Data)                28760 (  28.09kB)
    Total RW  Size (RW Data + ZI Data)              3160 (   3.09kB)
    Total ROM Size (Code + RO Data + RW Data)      28912 (  28.23kB)

==============================================================================

